Component: Arm Compiler for Embedded 6.19 Tool: armlink [5e73cb00]

==============================================================================

Section Cross References

    main.o(.text.main) refers to main.o(.text.systemInit) for systemInit
    main.o(.text.main) refers to main.o(.text.createApplicationTasks) for createApplicationTasks
    main.o(.text.main) refers to tasks.o(.text.vTaskStartScheduler) for vTaskStartScheduler
    main.o(.ARM.exidx.text.main) refers to main.o(.text.main) for [Anonymous Symbol]
    main.o(.text.systemInit) refers to gpiodriver.o(.text.gpioDriverInit) for gpioDriverInit
    main.o(.text.systemInit) refers to leddriver.o(.text.ledDriverAllOff) for ledDriverAllOff
    main.o(.text.systemInit) refers to gatestatemachine.o(.text.gateStateMachineInit) for gateStateMachineInit
    main.o(.text.systemInit) refers to rtosobjects.o(.text.rtosObjectsInit) for rtosObjectsInit
    main.o(.ARM.exidx.text.systemInit) refers to main.o(.text.systemInit) for [Anonymous Symbol]
    main.o(.text.createApplicationTasks) refers to inputtask.o(.text.inputTask) for inputTask
    main.o(.text.createApplicationTasks) refers to main.o(.rodata.str1.1) for .L.str
    main.o(.text.createApplicationTasks) refers to tasks.o(.text.xTaskCreate) for xTaskCreate
    main.o(.text.createApplicationTasks) refers to gatecontroltask.o(.text.gateControlTask) for gateControlTask
    main.o(.text.createApplicationTasks) refers to ledtask.o(.text.ledTask) for ledTask
    main.o(.text.createApplicationTasks) refers to safetytask.o(.text.safetyTask) for safetyTask
    main.o(.text.createApplicationTasks) refers to statustask.o(.text.statusTask) for statusTask
    main.o(.ARM.exidx.text.createApplicationTasks) refers to main.o(.text.createApplicationTasks) for [Anonymous Symbol]
    basic_io.o(.text.vPrintString) refers to tasks.o(.text.vTaskSuspendAll) for vTaskSuspendAll
    basic_io.o(.text.vPrintString) refers to basic_io.o(.bss.cBuffer) for cBuffer
    basic_io.o(.text.vPrintString) refers to basic_io.o(.rodata.str1.1) for .L.str
    basic_io.o(.text.vPrintString) refers to sprintf.o(.text) for sprintf
    basic_io.o(.text.vPrintString) refers to consoleprint.o(.text.consoleprint) for consoleprint
    basic_io.o(.text.vPrintString) refers to tasks.o(.text.xTaskResumeAll) for xTaskResumeAll
    basic_io.o(.ARM.exidx.text.vPrintString) refers to basic_io.o(.text.vPrintString) for [Anonymous Symbol]
    basic_io.o(.text.vPrintStringAndNumber) refers to tasks.o(.text.vTaskSuspendAll) for vTaskSuspendAll
    basic_io.o(.text.vPrintStringAndNumber) refers to basic_io.o(.bss.cBuffer) for cBuffer
    basic_io.o(.text.vPrintStringAndNumber) refers to basic_io.o(.rodata.str1.1) for .L.str.1
    basic_io.o(.text.vPrintStringAndNumber) refers to sprintf.o(.text) for sprintf
    basic_io.o(.text.vPrintStringAndNumber) refers to consoleprint.o(.text.consoleprint) for consoleprint
    basic_io.o(.text.vPrintStringAndNumber) refers to tasks.o(.text.xTaskResumeAll) for xTaskResumeAll
    basic_io.o(.ARM.exidx.text.vPrintStringAndNumber) refers to basic_io.o(.text.vPrintStringAndNumber) for [Anonymous Symbol]
    basic_io.o(.text.vPrintStringAndNumbers) refers to tasks.o(.text.vTaskSuspendAll) for vTaskSuspendAll
    basic_io.o(.text.vPrintStringAndNumbers) refers to basic_io.o(.bss.cBuffer) for cBuffer
    basic_io.o(.text.vPrintStringAndNumbers) refers to basic_io.o(.rodata.str1.1) for .L.str.2
    basic_io.o(.text.vPrintStringAndNumbers) refers to sprintf.o(.text) for sprintf
    basic_io.o(.text.vPrintStringAndNumbers) refers to consoleprint.o(.text.consoleprint) for consoleprint
    basic_io.o(.text.vPrintStringAndNumbers) refers to tasks.o(.text.xTaskResumeAll) for xTaskResumeAll
    basic_io.o(.ARM.exidx.text.vPrintStringAndNumbers) refers to basic_io.o(.text.vPrintStringAndNumbers) for [Anonymous Symbol]
    consoleprint.o(.text.consoleprint) refers to strlen.o(.text) for strlen
    consoleprint.o(.text.consoleprint) refers to retarget.o(.text.__write) for __write
    consoleprint.o(.ARM.exidx.text.consoleprint) refers to consoleprint.o(.text.consoleprint) for [Anonymous Symbol]
    retarget.o(.text.__write) refers to retarget.o(.text.ITM_SendChar) for ITM_SendChar
    retarget.o(.ARM.exidx.text.__write) refers to retarget.o(.text.__write) for [Anonymous Symbol]
    retarget.o(.ARM.exidx.text.ITM_SendChar) refers to retarget.o(.text.ITM_SendChar) for [Anonymous Symbol]
    retarget.o(.ARM.exidx.text._sys_exit) refers to retarget.o(.text._sys_exit) for [Anonymous Symbol]
    gatestatemachine.o(.text.gateStateMachineInit) refers to gatestatemachine.o(.bss.currentGateState) for currentGateState
    gatestatemachine.o(.text.gateStateMachineInit) refers to gatestatemachine.o(.bss.currentControlMode) for currentControlMode
    gatestatemachine.o(.text.gateStateMachineInit) refers to gatestatemachine.o(.bss.activeCommand) for activeCommand
[...]
    _memcpy_lastbytes                        0x00000567   Thumb Code     0  rt_memcpy_v6.o(.text)
    __aeabi_memset4                          0x0000058b   Thumb Code    16  aeabi_memset4.o(.text)
    __aeabi_memset8                          0x0000058b   Thumb Code     0  aeabi_memset4.o(.text)
    __aeabi_memclr                           0x0000059b   Thumb Code     0  rt_memclr.o(.text)
    __rt_memclr                              0x0000059b   Thumb Code     0  rt_memclr.o(.text)
    _memset                                  0x0000059f   Thumb Code    64  rt_memclr.o(.text)
    strcmp                                   0x000005e1   Thumb Code   124  strcmpv7em.o(.text)
    __use_two_region_memory                  0x0000065d   Thumb Code     2  heapauxi.o(.text)
    __rt_heap_escrow                         0x0000065f   Thumb Code     2  heapauxi.o(.text)
    __rt_heap_expand                         0x00000661   Thumb Code     2  heapauxi.o(.text)
    _printf_pre_padding                      0x00000663   Thumb Code    44  _printf_pad.o(.text)
    _printf_post_padding                     0x0000068f   Thumb Code    34  _printf_pad.o(.text)
    _printf_truncate_signed                  0x000006b1   Thumb Code    18  _printf_truncate.o(.text)
    _printf_truncate_unsigned                0x000006c3   Thumb Code    18  _printf_truncate.o(.text)
    _printf_str                              0x000006d5   Thumb Code    82  _printf_str.o(.text)
    _printf_int_dec                          0x00000729   Thumb Code   104  _printf_dec.o(.text)
    _printf_charcount                        0x000007a1   Thumb Code    40  _printf_charcount.o(.text)
    _printf_char_common                      0x000007d3   Thumb Code    32  _printf_char_common.o(.text)
    _printf_wctomb                           0x000007f9   Thumb Code   182  _printf_wctomb.o(.text)
    _printf_longlong_dec                     0x000008b5   Thumb Code   108  _printf_longlong_dec.o(.text)
    _printf_longlong_oct                     0x00000931   Thumb Code    68  _printf_oct_int_ll.o(.text)
    _printf_int_oct                          0x00000975   Thumb Code    24  _printf_oct_int_ll.o(.text)
    _printf_ll_oct                           0x0000098d   Thumb Code    12  _printf_oct_int_ll.o(.text)
    _printf_longlong_hex                     0x000009a1   Thumb Code    86  _printf_hex_int_ll_ptr.o(.text)
    _printf_int_hex                          0x000009f7   Thumb Code    28  _printf_hex_int_ll_ptr.o(.text)
    _printf_ll_hex                           0x00000a13   Thumb Code    12  _printf_hex_int_ll_ptr.o(.text)
    _printf_hex_ptr                          0x00000a1f   Thumb Code    18  _printf_hex_int_ll_ptr.o(.text)
    __printf                                 0x00000a35   Thumb Code   388  __printf_flags_ss_wp.o(.text)
    __aeabi_memcpy4                          0x00000bbd   Thumb Code     0  rt_memcpy_w.o(.text)
    __aeabi_memcpy8                          0x00000bbd   Thumb Code     0  rt_memcpy_w.o(.text)
    __rt_memcpy_w                            0x00000bbd   Thumb Code   100  rt_memcpy_w.o(.text)
    _memcpy_lastbytes_aligned                0x00000c05   Thumb Code     0  rt_memcpy_w.o(.text)
    __aeabi_memclr4                          0x00000c21   Thumb Code     0  rt_memclr_w.o(.text)
    __aeabi_memclr8                          0x00000c21   Thumb Code     0  rt_memclr_w.o(.text)
    __rt_memclr_w                            0x00000c21   Thumb Code     0  rt_memclr_w.o(.text)
    _memset_w                                0x00000c25   Thumb Code    74  rt_memclr_w.o(.text)
    _ll_udiv10                               0x00000c6f   Thumb Code   138  lludiv10.o(.text)
    _printf_int_common                       0x00000cf9   Thumb Code   178  _printf_intcommon.o(.text)
    _printf_fp_dec_real                      0x00000f5b   Thumb Code   620  _printf_fp_dec.o(.text)
    _printf_fp_hex_real                      0x000011c9   Thumb Code   756  _printf_fp_hex.o(.text)
    _printf_cs_common                        0x000014c5   Thumb Code    20  _printf_char.o(.text)
    _printf_char                             0x000014d9   Thumb Code    16  _printf_char.o(.text)
    _printf_string                           0x000014e9   Thumb Code     8  _printf_char.o(.text)
    _printf_lcs_common                       0x000014f1   Thumb Code    20  _printf_wchar.o(.text)
    _printf_wchar                            0x00001505   Thumb Code    16  _printf_wchar.o(.text)
    _printf_wstring                          0x00001515   Thumb Code     8  _printf_wchar.o(.text)
    _initio                                  0x0000151d   Thumb Code   240  initio_locked.o(.text)
    _terminateio                             0x0000160d   Thumb Code   168  initio_locked.o(.text)
    _c16rtomb                                0x000016e5   Thumb Code    72  _c16rtomb.o(.text)
    _wcrtomb                                 0x000016e5   Thumb Code     0  _c16rtomb.o(.text)
    __user_setup_stackheap                   0x0000172d   Thumb Code    74  sys_stackheap_outer.o(.text)
    __rt_ctype_table                         0x00001779   Thumb Code    16  rt_ctype_table.o(.text)
    __rt_locale                              0x00001789   Thumb Code    10  rt_locale_twolibspace.o(.text)
    free_internal$concurrent                 0x00001793   Thumb Code    98  h1_free_threads.o(.text)
    free                                     0x000017f5   Thumb Code    20  h1_free_threads.o(.text)
    _printf_fp_infnan                        0x00001809   Thumb Code   112  _printf_fp_infnan.o(.text)
    _btod_etento                             0x00001889   Thumb Code   224  bigflt0.o(.text)
    __flsbuf                                 0x0000196d   Thumb Code   482  flsbuf.o(.text)
    __flsbuf_byte                            0x0000196d   Thumb Code     0  flsbuf.o(.text)
    __flsbuf_wide                            0x0000196d   Thumb Code     0  flsbuf.o(.text)
    _fclose_internal                         0x00001b4f   Thumb Code    76  fclose.o(.text)
    fclose                                   0x00001b4f   Thumb Code     0  fclose.o(.text)
    setvbuf                                  0x00001b9b   Thumb Code   104  setvbuf_locked.o(.text)
    freopen                                  0x00001cb9   Thumb Code    42  fopen_locked.o(.text)
    _fopen$locked                            0x00001ce3   Thumb Code   100  fopen_locked.o(.text)
    exit                                     0x00001d51   Thumb Code    18  exit.o(.text)
    __rt_SIGRTRED                            0x00001d63   Thumb Code    14  defsig_rtred_outer.o(.text)
    __user_libspace                          0x00001d71   Thumb Code     8  libspace.o(.text)
    __user_perproc_libspace                  0x00001d71   Thumb Code     0  libspace.o(.text)
    __rt_heap_descriptor                     0x00001d79   Thumb Code    10  rt_heap_descriptor_twolibspace.o(.text)
    __use_no_heap                            0x00001d83   Thumb Code     2  hguard.o(.text)
    __heap$guard                             0x00001d85   Thumb Code     2  hguard.o(.text)
    _terminate_user_alloc                    0x00001d87   Thumb Code     2  init_alloc.o(.text)
    _init_user_alloc                         0x00001d89   Thumb Code     2  init_alloc.o(.text)
    __Heap_Full                              0x00001d8b   Thumb Code    34  init_alloc.o(.text)
    __Heap_Broken                            0x00001dad   Thumb Code     6  init_alloc.o(.text)
    _init_alloc                              0x00001db3   Thumb Code    94  init_alloc.o(.text)
    malloc_internal$concurrent               0x00001e21   Thumb Code   130  h1_alloc_threads.o(.text)
    malloc                                   0x00001ea3   Thumb Code    20  h1_alloc_threads.o(.text)
    _printf_char_file                        0x00001eb9   Thumb Code    58  _printf_char_file_locked.o(.text)
    _fseek                                   0x00001ef9   Thumb Code   242  fseek.o(.text)
    fseek                                    0x00001ef9   Thumb Code     0  fseek.o(.text)
    _seterr                                  0x00001ff1   Thumb Code    20  stdio.o(.text)
    _writebuf                                0x00002005   Thumb Code   108  stdio.o(.text)
    _fflush                                  0x00002071   Thumb Code    70  stdio.o(.text)
    _deferredlazyseek                        0x000020b7   Thumb Code    60  stdio.o(.text)
    __sig_exit                               0x000020f9   Thumb Code    10  defsig_exit.o(.text)
    __rt_SIGRTRED_inner                      0x00002105   Thumb Code    14  defsig_rtred_inner.o(.text)
    __Heap_Initialize                        0x00002139   Thumb Code    14  h1_init_threads.o(.text)
    _maybe_terminate_alloc                   0x00002139   Thumb Code     0  maybetermalloc2.o(.text)
    __Heap_DescSize                          0x00002147   Thumb Code     4  h1_init_threads.o(.text)
    __Heap_ProvideMemory                     0x00002159   Thumb Code    68  h1_extend_threads.o(.text)
    _ftell_internal                          0x0000219d   Thumb Code    66  ftell.o(.text)
    ftell                                    0x0000219d   Thumb Code     0  ftell.o(.text)
    __default_signal_display                 0x000021df   Thumb Code    50  defsig_general.o(.text)
    __rt_SIGRTMEM                            0x00002211   Thumb Code    14  defsig_rtmem_outer.o(.text)
    _ttywrch                                 0x0000221f   Thumb Code    14  sys_wrch.o(.text)
    __aeabi_errno_addr                       0x0000222d   Thumb Code     4  rt_errno_addr_twolibspace.o(.text)
    __errno$twolibspace                      0x0000222d   Thumb Code     0  rt_errno_addr_twolibspace.o(.text)
    __rt_errno_addr$twolibspace              0x0000222d   Thumb Code     0  rt_errno_addr_twolibspace.o(.text)
    _terminate_alloc                         0x00002231   Thumb Code    16  term_alloc.o(.text)
    __rt_SIGRTMEM_inner                      0x00002241   Thumb Code    22  defsig_rtmem_inner.o(.text)
    __I$use$semihosting                      0x00002291   Thumb Code     0  use_no_semi.o(.text)
    __use_no_semihosting_swi                 0x00002291   Thumb Code     2  use_no_semi.o(.text)
    __Heap_Finalize                          0x00002293   Thumb Code    10  h1_final_threads.o(.text)
    __semihosting_library_function           0x00002293   Thumb Code     0  indicate_semi.o(.text)
    _fp_init                                 0x0000229d   Thumb Code    22  clib_os.o(.text.$Sub$$_fp_init)
    ITM_SendChar                             0x000022b5   Thumb Code    66  retarget_io.o(.text.ITM_SendChar)
    PendSV_Handler                           0x000022f9   Thumb Code    96  port.o(.text.PendSV_Handler)
    SVC_Handler                              0x00002359   Thumb Code    32  port.o(.text.SVC_Handler)
    SysTick_Handler                          0x00002379   Thumb Code    30  cmsis_os2.o(.text.SysTick_Handler)
    SystemInit                               0x00002399   Thumb Code   268  system_tm4c123.o(.text.SystemInit)
    __user_perthread_libspace                0x000024a5   Thumb Code   186  clib_os.o(.text.__user_perthread_libspace)
    _mutex_acquire                           0x00002561   Thumb Code    40  clib_os.o(.text._mutex_acquire)
    _mutex_free                              0x00002589   Thumb Code    84  clib_os.o(.text._mutex_free)
    _mutex_initialize                        0x000025dd   Thumb Code   168  clib_os.o(.text._mutex_initialize)
    _mutex_release                           0x00002685   Thumb Code    42  clib_os.o(.text._mutex_release)
    _platform_post_stackheap_init            0x000026b1   Thumb Code     2  clib_os.o(.text._platform_post_stackheap_init)
    _sys_close                               0x000026b5   Thumb Code    74  retarget_io.o(.text._sys_close)
    _sys_exit                                0x00002701   Thumb Code    10  retarget.o(.text._sys_exit)
    _sys_flen                                0x0000270d   Thumb Code    72  retarget_io.o(.text._sys_flen)
    _sys_istty                               0x00002755   Thumb Code    72  retarget_io.o(.text._sys_istty)
    _sys_open                                0x0000279d   Thumb Code   132  retarget_io.o(.text._sys_open)
    _sys_seek                                0x00002821   Thumb Code    82  retarget_io.o(.text._sys_seek)
    _sys_write                               0x00002875   Thumb Code   118  retarget_io.o(.text._sys_write)
    buttonDriverIsClosedLimitPressed         0x000028ed   Thumb Code    18  buttondriver.o(.text.buttonDriverIsClosedLimitPressed)
    buttonDriverIsDriverClosePressed         0x00002901   Thumb Code    18  buttondriver.o(.text.buttonDriverIsDriverClosePressed)
    buttonDriverIsDriverOpenPressed          0x00002915   Thumb Code    18  buttondriver.o(.text.buttonDriverIsDriverOpenPressed)
    buttonDriverIsObstaclePressed            0x00002929   Thumb Code    18  buttondriver.o(.text.buttonDriverIsObstaclePressed)
    buttonDriverIsOpenLimitPressed           0x0000293d   Thumb Code    18  buttondriver.o(.text.buttonDriverIsOpenLimitPressed)
    buttonDriverIsSecurityClosePressed       0x00002951   Thumb Code    18  buttondriver.o(.text.buttonDriverIsSecurityClosePressed)
    buttonDriverIsSecurityOpenPressed        0x00002965   Thumb Code    18  buttondriver.o(.text.buttonDriverIsSecurityOpenPressed)
    gateControlTask                          0x00002b61   Thumb Code   150  gatecontroltask.o(.text.gateControlTask)
    gateStateMachineFinishReversing          0x00002bf9   Thumb Code    86  gatestatemachine.o(.text.gateStateMachineFinishReversing)
    gateStateMachineGetActiveCommand         0x00002c51   Thumb Code    12  gatestatemachine.o(.text.gateStateMachineGetActiveCommand)
    gateStateMachineGetControlMode           0x00002c5d   Thumb Code    12  gatestatemachine.o(.text.gateStateMachineGetControlMode)
    gateStateMachineGetState                 0x00002c69   Thumb Code    12  gatestatemachine.o(.text.gateStateMachineGetState)
    gateStateMachineHandleEvent              0x00002c75   Thumb Code   104  gatestatemachine.o(.text.gateStateMachineHandleEvent)
    gateStateMachineInit                     0x00002cdd   Thumb Code   154  gatestatemachine.o(.text.gateStateMachineInit)
    gpioDriverInit                           0x00002e91   Thumb Code   358  gpiodriver.o(.text.gpioDriverInit)
    inputTask                                0x00003219   Thumb Code   444  inputtask.o(.text.inputTask)
    ledDriverAllOff                          0x00003599   Thumb Code    38  leddriver.o(.text.ledDriverAllOff)
    ledDriverGreenOff                        0x000035c1   Thumb Code    20  leddriver.o(.text.ledDriverGreenOff)
    ledDriverGreenOn                         0x000035d5   Thumb Code    20  leddriver.o(.text.ledDriverGreenOn)
    ledDriverRedOff                          0x000035e9   Thumb Code    20  leddriver.o(.text.ledDriverRedOff)
    ledDriverRedOn                           0x000035fd   Thumb Code    20  leddriver.o(.text.ledDriverRedOn)
    ledTask                                  0x00003611   Thumb Code    98  ledtask.o(.text.ledTask)
    main                                     0x00003675   Thumb Code    24  main.o(.text.main)
    pvPortMalloc                             0x000047cd   Thumb Code   696  heap_4.o(.text.pvPortMalloc)
    pvTaskIncrementMutexHeldCount            0x00004a85   Thumb Code    36  tasks.o(.text.pvTaskIncrementMutexHeldCount)
    pxPortInitialiseStack                    0x00004aa9   Thumb Code    94  port.o(.text.pxPortInitialiseStack)
    rtosObjectsGetActiveCommand              0x00004b09   Thumb Code    60  rtosobjects.o(.text.rtosObjectsGetActiveCommand)
    rtosObjectsGetControlMode                0x00004b45   Thumb Code    60  rtosobjects.o(.text.rtosObjectsGetControlMode)
    rtosObjectsGetGateState                  0x00004b81   Thumb Code   102  rtosobjects.o(.text.rtosObjectsGetGateState)
    rtosObjectsInit                          0x00004be9   Thumb Code   120  rtosobjects.o(.text.rtosObjectsInit)
    rtosObjectsSetActiveCommand              0x00004c61   Thumb Code    60  rtosobjects.o(.text.rtosObjectsSetActiveCommand)
    rtosObjectsSetControlMode                0x00004c9d   Thumb Code    60  rtosobjects.o(.text.rtosObjectsSetControlMode)
    rtosObjectsSetGateState                  0x00004cd9   Thumb Code   102  rtosobjects.o(.text.rtosObjectsSetGateState)
    safetyTask                               0x00004d41   Thumb Code   124  safetytask.o(.text.safetyTask)
    statusTask                               0x00004e0d   Thumb Code   182  statustask.o(.text.statusTask)
    uxListRemove                             0x00005199   Thumb Code    72  list.o(.text.uxListRemove)
    vApplicationGetIdleTaskMemory            0x000051e1   Thumb Code    42  tasks.o(.text.vApplicationGetIdleTaskMemory)
    vApplicationGetTimerTaskMemory           0x0000520d   Thumb Code    42  tasks.o(.text.vApplicationGetTimerTaskMemory)
    vApplicationStackOverflowHook            0x00005239   Thumb Code    16  cmsis_os2.o(.text.vApplicationStackOverflowHook)
    vListInitialise                          0x00005249   Thumb Code    46  list.o(.text.vListInitialise)
    vListInitialiseItem                      0x00005279   Thumb Code    14  list.o(.text.vListInitialiseItem)
    vListInsert                              0x00005289   Thumb Code   106  list.o(.text.vListInsert)
    vPortEnterCritical                       0x00005309   Thumb Code    72  port.o(.text.vPortEnterCritical)
    vPortExitCritical                        0x00005351   Thumb Code    60  port.o(.text.vPortExitCritical)
    vPortFree                                0x0000538d   Thumb Code   222  heap_4.o(.text.vPortFree)
    vPortSetupTimerInterrupt                 0x0000546d   Thumb Code    68  port.o(.text.vPortSetupTimerInterrupt)
    vQueueDelete                             0x000054b1   Thumb Code    48  queue.o(.text.vQueueDelete)
    vQueueWaitForMessageRestricted           0x000054e1   Thumb Code   100  queue.o(.text.vQueueWaitForMessageRestricted)
    vTaskDelay                               0x00005545   Thumb Code    98  tasks.o(.text.vTaskDelay)
    vTaskInternalSetTimeOutState             0x000055a9   Thumb Code    36  tasks.o(.text.vTaskInternalSetTimeOutState)
    vTaskMissedYield                         0x000055cd   Thumb Code    14  tasks.o(.text.vTaskMissedYield)
    vTaskPlaceOnEventList                    0x000055dd   Thumb Code    52  tasks.o(.text.vTaskPlaceOnEventList)
    vTaskPlaceOnEventListRestricted          0x00005611   Thumb Code   114  tasks.o(.text.vTaskPlaceOnEventListRestricted)
    vTaskPriorityDisinheritAfterTimeout      0x00005685   Thumb Code   358  tasks.o(.text.vTaskPriorityDisinheritAfterTimeout)
    vTaskStartScheduler                      0x000057ed   Thumb Code   130  tasks.o(.text.vTaskStartScheduler)
    vTaskSuspendAll                          0x00005871   Thumb Code    16  tasks.o(.text.vTaskSuspendAll)
    vTaskSwitchContext                       0x00005881   Thumb Code   312  tasks.o(.text.vTaskSwitchContext)
    xPortStartScheduler                      0x000059b9   Thumb Code   428  port.o(.text.xPortStartScheduler)
    xPortSysTickHandler                      0x00005b65   Thumb Code    62  port.o(.text.xPortSysTickHandler)
    xQueueCreateMutex                        0x00005ba5   Thumb Code    38  queue.o(.text.xQueueCreateMutex)
    xQueueCreateMutexStatic                  0x00005bcd   Thumb Code    50  queue.o(.text.xQueueCreateMutexStatic)
    xQueueGenericCreate                      0x00005c01   Thumb Code   148  queue.o(.text.xQueueGenericCreate)
    xQueueGenericCreateStatic                0x00005c95   Thumb Code   158  queue.o(.text.xQueueGenericCreateStatic)
    xQueueGenericReset                       0x00005d35   Thumb Code   236  queue.o(.text.xQueueGenericReset)
    xQueueGenericSend                        0x00005e21   Thumb Code   500  queue.o(.text.xQueueGenericSend)
    xQueueReceive                            0x00006015   Thumb Code   434  queue.o(.text.xQueueReceive)
    xQueueSemaphoreTake                      0x000061c9   Thumb Code   486  queue.o(.text.xQueueSemaphoreTake)
    xTaskCheckForTimeOut                     0x000063b1   Thumb Code   224  tasks.o(.text.xTaskCheckForTimeOut)
    xTaskCreate                              0x00006491   Thumb Code    82  tasks.o(.text.xTaskCreate)
    xTaskCreateStatic                        0x000064e5   Thumb Code    92  tasks.o(.text.xTaskCreateStatic)
    xTaskGetCurrentTaskHandle                0x00006541   Thumb Code    20  tasks.o(.text.xTaskGetCurrentTaskHandle)
    xTaskGetSchedulerState                   0x00006555   Thumb Code    56  tasks.o(.text.xTaskGetSchedulerState)
    xTaskGetTickCount                        0x0000658d   Thumb Code    20  tasks.o(.text.xTaskGetTickCount)
    xTaskIncrementTick                       0x000065a1   Thumb Code   630  tasks.o(.text.xTaskIncrementTick)
    xTaskPriorityDisinherit                  0x00006819   Thumb Code   286  tasks.o(.text.xTaskPriorityDisinherit)
    xTaskPriorityInherit                     0x00006939   Thumb Code   348  tasks.o(.text.xTaskPriorityInherit)
    xTaskRemoveFromEventList                 0x00006a95   Thumb Code   418  tasks.o(.text.xTaskRemoveFromEventList)
    xTaskResumeAll                           0x00006c39   Thumb Code   584  tasks.o(.text.xTaskResumeAll)
    xTimerCreateTimerTask                    0x00006e81   Thumb Code   134  timers.o(.text.xTimerCreateTimerTask)
    _btod_d2e                                0x00006f07   Thumb Code    62  btod.o(CL$$btod_d2e)
    _d2e_denorm_low                          0x00006f45   Thumb Code    70  btod.o(CL$$btod_d2e_denorm_low)
    _d2e_norm_op1                            0x00006f8b   Thumb Code    96  btod.o(CL$$btod_d2e_norm_op1)
    __btod_div_common                        0x00006fed   Thumb Code   696  btod.o(CL$$btod_div_common)
    _e2e                                     0x00007325   Thumb Code   220  btod.o(CL$$btod_e2e)
    _btod_ediv                               0x00007401   Thumb Code    42  btod.o(CL$$btod_ediv)
    _btod_emul                               0x0000742b   Thumb Code    42  btod.o(CL$$btod_emul)
    __btod_mult_common                       0x00007455   Thumb Code   580  btod.o(CL$$btod_mult_common)
    GPIODirModeSet                           0x00007699   Thumb Code    40  gpio.o(i.GPIODirModeSet)
    GPIOPadConfigSet                         0x000076c1   Thumb Code   354  gpio.o(i.GPIOPadConfigSet)
    GPIOPinRead                              0x00007831   Thumb Code     6  gpio.o(i.GPIOPinRead)
    GPIOPinTypeGPIOInput                     0x00007837   Thumb Code    28  gpio.o(i.GPIOPinTypeGPIOInput)
    GPIOPinTypeGPIOOutput                    0x00007853   Thumb Code    28  gpio.o(i.GPIOPinTypeGPIOOutput)
    GPIOPinWrite                             0x0000786f   Thumb Code     6  gpio.o(i.GPIOPinWrite)
    SysCtlPeripheralEnable                   0x00007875   Thumb Code    36  sysctl.o(i.SysCtlPeripheralEnable)
    SysCtlPeripheralReady                    0x0000789d   Thumb Code    40  sysctl.o(i.SysCtlPeripheralReady)
    __ARM_fpclassify                         0x000078c9   Thumb Code    48  fpclassify.o(i.__ARM_fpclassify)
    _is_digit                                0x000078f9   Thumb Code    14  __printf_wp.o(i._is_digit)
    _fputc$unlocked                          0x00007907   Thumb Code    28  fputc.o(i.fputc)
    _get_lc_numeric                          0x00007925   Thumb Code    44  lc_numeric_c.o(locale$$code)
    _get_lc_ctype                            0x00007951   Thumb Code    44  lc_ctype_c.o(locale$$code)
    $Super$$_fp_init                         0x0000797d   Thumb Code    26  fpinit.o(x$fpl$fpinit)
    __fplib_config_fpu_vfp                   0x00007995   Thumb Code     0  fpinit.o(x$fpl$fpinit)
    __fplib_config_pureend_doubles           0x00007995   Thumb Code     0  fpinit.o(x$fpl$fpinit)
    _printf_fp_dec                           0x00007997   Thumb Code     4  printf1.o(x$fpl$printf1)
    _printf_fp_hex                           0x0000799b   Thumb Code     4  printf2.o(x$fpl$printf2)
    __I$use$fp                               0x0000799e   Number         0  usenofp.o(x$fpl$usenofp)
    __stderr_name                            0x00007a9c   Data           8  retarget_io.o(.rodata.__stderr_name)
    __stdin_name                             0x00007aa4   Data           7  retarget_io.o(.rodata.__stdin_name)
    __stdout_name                            0x00007aab   Data           8  retarget_io.o(.rodata.__stdout_name)
    Region$$Table$$Base                      0x00007b9c   Number         0  anon$$obj.o(Region$$Table)
    Region$$Table$$Limit                     0x00007bbc   Number         0  anon$$obj.o(Region$$Table)
    __ctype                                  0x00007be5   Data           0  lc_ctype_c.o(locale$$data)
    __aeabi_stdin                            0x20000000   Data           4  stdio_streams.o(.data)
    __aeabi_stdout                           0x20000004   Data           4  stdio_streams.o(.data)
    __aeabi_stderr                           0x20000008   Data           4  stdio_streams.o(.data)
    _stream_list_lock                        0x2000000c   Data           4  streamlock.o(.data)
    SystemCoreClock                          0x20000010   Data           4  system_tm4c123.o(.data.SystemCoreClock)
    __stdin                                  0x20000018   Data          84  stdio_streams.o(.bss)
    __stdout                                 0x2000006c   Data          84  stdio_streams.o(.bss)
    __stderr                                 0x200000c0   Data          84  stdio_streams.o(.bss)
    __libspace_start                         0x20000114   Data          96  libspace.o(.bss)
    __temporary_stack_top$libspace           0x20000174   Data           0  libspace.o(.bss)
    closedLimitSemaphore                     0x2000031c   Data           4  rtosobjects.o(.bss.closedLimitSemaphore)
    debugClosedLimitSemaphoreCount           0x20000324   Data           4  debugvars.o(.bss.debugClosedLimitSemaphoreCount)
    debugLastEventReceived                   0x20000328   Data           1  debugvars.o(.bss.debugLastEventReceived)
    debugLastEventSent                       0x20000329   Data           1  debugvars.o(.bss.debugLastEventSent)
    debugLastStateRead                       0x2000032a   Data           1  debugvars.o(.bss.debugLastStateRead)
    debugMutexGiveCount                      0x2000032c   Data           4  debugvars.o(.bss.debugMutexGiveCount)
    debugMutexTakeCount                      0x20000330   Data           4  debugvars.o(.bss.debugMutexTakeCount)
    debugObstacleSemaphoreCount              0x20000334   Data           4  debugvars.o(.bss.debugObstacleSemaphoreCount)
    debugOpenLimitSemaphoreCount             0x20000338   Data           4  debugvars.o(.bss.debugOpenLimitSemaphoreCount)
    debugQueueEventsReceived                 0x2000033c   Data           4  debugvars.o(.bss.debugQueueEventsReceived)
    debugQueueEventsSent                     0x20000340   Data           4  debugvars.o(.bss.debugQueueEventsSent)
    gateEventQueue                           0x20000354   Data           4  rtosobjects.o(.bss.gateEventQueue)
    gateStateMutex                           0x20000358   Data           4  rtosobjects.o(.bss.gateStateMutex)
    obstacleSemaphore                        0x20000364   Data           4  rtosobjects.o(.bss.obstacleSemaphore)
    openLimitSemaphore                       0x20000368   Data           4  rtosobjects.o(.bss.openLimitSemaphore)
    pxCurrentTCB                             0x20000600   Data           4  tasks.o(.bss.pxCurrentTCB)



==============================================================================

Memory Map of the image

  Image Entry point : 0x000003d5

  Load Region LR_1 (Base: 0x00000000, Size: 0x00007d00, Max: 0xffffffff, ABSOLUTE)

    Execution Region ER_RO (Exec base: 0x00000000, Load base: 0x00000000, Size: 0x00007ce8, Max: 0xffffffff, ABSOLUTE)

    Exec Addr    Load Addr    Size         Type   Attr      Idx    E Section Name        Object

    0x00000000   0x00000000   0x0000026c   Data   RO          530    RESET               startup_tm4c123.o
    0x0000026c   0x0000026c   0x00000008   Code   RO         1859  * !!!main             c_w.l(__main.o)
    0x00000274   0x00000274   0x00000034   Code   RO         2368    !!!scatter          c_w.l(__scatter.o)
    0x000002a8   0x000002a8   0x0000001a   Code   RO         2370    !!handler_copy      c_w.l(__scatter_copy.o)
    0x000002c2   0x000002c2   0x00000002   PAD
    0x000002c4   0x000002c4   0x0000001c   Code   RO         2372    !!handler_zi        c_w.l(__scatter_zi.o)
    0x000002e0   0x000002e0   0x00000000   Code   RO         1947    .ARM.Collect$$_printf_percent$$00000000  c_w.l(_printf_percent.o)
    0x000002e0   0x000002e0   0x00000006   Code   RO         1936    .ARM.Collect$$_printf_percent$$00000001  c_w.l(_printf_n.o)
    0x000002e6   0x000002e6   0x00000006   Code   RO         1938    .ARM.Collect$$_printf_percent$$00000002  c_w.l(_printf_p.o)
    0x000002ec   0x000002ec   0x00000006   Code   RO         1943    .ARM.Collect$$_printf_percent$$00000003  c_w.l(_printf_f.o)
    0x000002f2   0x000002f2   0x00000006   Code   RO         1944    .ARM.Collect$$_printf_percent$$00000004  c_w.l(_printf_e.o)
    0x000002f8   0x000002f8   0x00000006   Code   RO         1945    .ARM.Collect$$_printf_percent$$00000005  c_w.l(_printf_g.o)
    0x000002fe   0x000002fe   0x00000006   Code   RO         1946    .ARM.Collect$$_printf_percent$$00000006  c_w.l(_printf_a.o)
    0x00000304   0x00000304   0x0000000a   Code   RO         1951    .ARM.Collect$$_printf_percent$$00000007  c_w.l(_printf_ll.o)
    0x0000030e   0x0000030e   0x00000006   Code   RO         1940    .ARM.Collect$$_printf_percent$$00000008  c_w.l(_printf_i.o)
    0x00000314   0x00000314   0x00000006   Code   RO         1941    .ARM.Collect$$_printf_percent$$00000009  c_w.l(_printf_d.o)
    0x0000031a   0x0000031a   0x00000006   Code   RO         1942    .ARM.Collect$$_printf_percent$$0000000A  c_w.l(_printf_u.o)
    0x00000320   0x00000320   0x00000006   Code   RO         1939    .ARM.Collect$$_printf_percent$$0000000B  c_w.l(_printf_o.o)
    0x00000326   0x00000326   0x00000006   Code   RO         1937    .ARM.Collect$$_printf_percent$$0000000C  c_w.l(_printf_x.o)
    0x0000032c   0x0000032c   0x00000006   Code   RO         1948    .ARM.Collect$$_printf_percent$$0000000D  c_w.l(_printf_lli.o)
    0x00000332   0x00000332   0x00000006   Code   RO         1949    .ARM.Collect$$_printf_percent$$0000000E  c_w.l(_printf_lld.o)
    0x00000338   0x00000338   0x00000006   Code   RO         1950    .ARM.Collect$$_printf_percent$$0000000F  c_w.l(_printf_llu.o)
    0x0000033e   0x0000033e   0x00000006   Code   RO         1955    .ARM.Collect$$_printf_percent$$00000010  c_w.l(_printf_llo.o)
    0x00000344   0x00000344   0x00000006   Code   RO         1956    .ARM.Collect$$_printf_percent$$00000011  c_w.l(_printf_llx.o)
    0x0000034a   0x0000034a   0x0000000a   Code   RO         1952    .ARM.Collect$$_printf_percent$$00000012  c_w.l(_printf_l.o)
    0x00000354   0x00000354   0x00000006   Code   RO         1934    .ARM.Collect$$_printf_percent$$00000013  c_w.l(_printf_c.o)
    0x0000035a   0x0000035a   0x00000006   Code   RO         1935    .ARM.Collect$$_printf_percent$$00000014  c_w.l(_printf_s.o)
    0x00000360   0x00000360   0x00000006   Code   RO         1953    .ARM.Collect$$_printf_percent$$00000015  c_w.l(_printf_lc.o)
    0x00000366   0x00000366   0x00000006   Code   RO         1954    .ARM.Collect$$_printf_percent$$00000016  c_w.l(_printf_ls.o)
    0x0000036c   0x0000036c   0x00000004   Code   RO         2007    .ARM.Collect$$_printf_percent$$00000017  c_w.l(_printf_percent_end.o)
    0x00000370   0x00000370   0x00000002   Code   RO         2145    .ARM.Collect$$libinit$$00000000  c_w.l(libinit.o)
    0x00000372   0x00000372   0x00000004   Code   RO         2146    .ARM.Collect$$libinit$$00000001  c_w.l(libinit2.o)
    0x00000376   0x00000376   0x00000000   Code   RO         2149    .ARM.Collect$$libinit$$00000004  c_w.l(libinit2.o)
    0x00000376   0x00000376   0x00000000   Code   RO         2151    .ARM.Collect$$libinit$$00000006  c_w.l(libinit2.o)
    0x00000376   0x00000376   0x00000008   Code   RO         2152    .ARM.Collect$$libinit$$00000007  c_w.l(libinit2.o)
    0x0000037e   0x0000037e   0x00000000   Code   RO         2154    .ARM.Collect$$libinit$$0000000C  c_w.l(libinit2.o)
    0x0000037e   0x0000037e   0x00000000   Code   RO         2156    .ARM.Collect$$libinit$$0000000E  c_w.l(libinit2.o)
    0x0000037e   0x0000037e   0x00000000   Code   RO         2158    .ARM.Collect$$libinit$$00000010  c_w.l(libinit2.o)
    0x0000037e   0x0000037e   0x00000006   Code   RO         2159    .ARM.Collect$$libinit$$00000011  c_w.l(libinit2.o)
    0x00000384   0x00000384   0x00000000   Code   RO         2161    .ARM.Collect$$libinit$$00000013  c_w.l(libinit2.o)
    0x00000384   0x00000384   0x0000000c   Code   RO         2162    .ARM.Collect$$libinit$$00000014  c_w.l(libinit2.o)
    0x00000390   0x00000390   0x00000000   Code   RO         2163    .ARM.Collect$$libinit$$00000015  c_w.l(libinit2.o)
    0x00000390   0x00000390   0x00000000   Code   RO         2165    .ARM.Collect$$libinit$$00000017  c_w.l(libinit2.o)
    0x00000390   0x00000390   0x0000000a   Code   RO         2166    .ARM.Collect$$libinit$$00000018  c_w.l(libinit2.o)
    0x0000039a   0x0000039a   0x00000000   Code   RO         2167    .ARM.Collect$$libinit$$00000019  c_w.l(libinit2.o)
    0x0000039a   0x0000039a   0x00000000   Code   RO         2169    .ARM.Collect$$libinit$$0000001B  c_w.l(libinit2.o)
    0x0000039a   0x0000039a   0x00000000   Code   RO         2171    .ARM.Collect$$libinit$$0000001D  c_w.l(libinit2.o)
    0x0000039a   0x0000039a   0x00000000   Code   RO         2173    .ARM.Collect$$libinit$$0000001F  c_w.l(libinit2.o)
    0x0000039a   0x0000039a   0x00000000   Code   RO         2175    .ARM.Collect$$libinit$$00000021  c_w.l(libinit2.o)
    0x0000039a   0x0000039a   0x00000000   Code   RO         2177    .ARM.Collect$$libinit$$00000023  c_w.l(libinit2.o)
    0x0000039a   0x0000039a   0x00000000   Code   RO         2179    .ARM.Collect$$libinit$$00000025  c_w.l(libinit2.o)
    0x0000039a   0x0000039a   0x00000004   Code   RO         2180    .ARM.Collect$$libinit$$00000026  c_w.l(libinit2.o)
    0x0000039e   0x0000039e   0x00000000   Code   RO         2181    .ARM.Collect$$libinit$$00000027  c_w.l(libinit2.o)
    0x0000039e   0x0000039e   0x00000000   Code   RO         2185    .ARM.Collect$$libinit$$0000002E  c_w.l(libinit2.o)
    0x0000039e   0x0000039e   0x00000000   Code   RO         2187    .ARM.Collect$$libinit$$00000030  c_w.l(libinit2.o)
    0x0000039e   0x0000039e   0x00000000   Code   RO         2189    .ARM.Collect$$libinit$$00000032  c_w.l(libinit2.o)
    0x0000039e   0x0000039e   0x00000000   Code   RO         2191    .ARM.Collect$$libinit$$00000034  c_w.l(libinit2.o)
    0x0000039e   0x0000039e   0x00000002   Code   RO         2192    .ARM.Collect$$libinit$$00000035  c_w.l(libinit2.o)
    0x000003a0   0x000003a0   0x00000002   Code   RO         2344    .ARM.Collect$$libshutdown$$00000000  c_w.l(libshutdown.o)
    0x000003a2   0x000003a2   0x00000000   Code   RO         2194    .ARM.Collect$$libshutdown$$00000002  c_w.l(libshutdown2.o)
    0x000003a2   0x000003a2   0x00000004   Code   RO         2195    .ARM.Collect$$libshutdown$$00000003  c_w.l(libshutdown2.o)
    0x000003a6   0x000003a6   0x00000000   Code   RO         2196    .ARM.Collect$$libshutdown$$00000004  c_w.l(libshutdown2.o)
    0x000003a6   0x000003a6   0x00000000   Code   RO         2199    .ARM.Collect$$libshutdown$$00000007  c_w.l(libshutdown2.o)
    0x000003a6   0x000003a6   0x00000000   Code   RO         2202    .ARM.Collect$$libshutdown$$0000000A  c_w.l(libshutdown2.o)
    0x000003a6   0x000003a6   0x00000000   Code   RO         2204    .ARM.Collect$$libshutdown$$0000000C  c_w.l(libshutdown2.o)
    0x000003a6   0x000003a6   0x00000004   Code   RO         2205    .ARM.Collect$$libshutdown$$0000000D  c_w.l(libshutdown2.o)
    0x000003aa   0x000003aa   0x00000000   Code   RO         2207    .ARM.Collect$$libshutdown$$0000000F  c_w.l(libshutdown2.o)
    0x000003aa   0x000003aa   0x00000002   Code   RO         2208    .ARM.Collect$$libshutdown$$00000010  c_w.l(libshutdown2.o)
    0x000003ac   0x000003ac   0x00000000   Code   RO         1863    .ARM.Collect$$rtentry$$00000000  c_w.l(__rtentry.o)
    0x000003ac   0x000003ac   0x00000000   Code   RO         1976    .ARM.Collect$$rtentry$$00000002  c_w.l(__rtentry2.o)
    0x000003ac   0x000003ac   0x00000006   Code   RO         1988    .ARM.Collect$$rtentry$$00000004  c_w.l(__rtentry4.o)
    0x000003b2   0x000003b2   0x00000008   Code   RO         1977    .ARM.Collect$$rtentry$$00000008  c_w.l(__rtentry2.o)
    0x000003ba   0x000003ba   0x00000004   Code   RO         1979    .ARM.Collect$$rtentry$$0000000A  c_w.l(__rtentry2.o)
    0x000003be   0x000003be   0x00000000   Code   RO         1981    .ARM.Collect$$rtentry$$0000000C  c_w.l(__rtentry2.o)
    0x000003be   0x000003be   0x00000008   Code   RO         1982    .ARM.Collect$$rtentry$$0000000D  c_w.l(__rtentry2.o)
    0x000003c6   0x000003c6   0x00000002   Code   RO         2219    .ARM.Collect$$rtexit$$00000000  c_w.l(rtexit.o)
    0x000003c8   0x000003c8   0x00000000   Code   RO         2274    .ARM.Collect$$rtexit$$00000002  c_w.l(rtexit2.o)
    0x000003c8   0x000003c8   0x00000004   Code   RO         2275    .ARM.Collect$$rtexit$$00000003  c_w.l(rtexit2.o)
    0x000003cc   0x000003cc   0x00000006   Code   RO         2276    .ARM.Collect$$rtexit$$00000004  c_w.l(rtexit2.o)
    0x000003d2   0x000003d2   0x00000002   PAD
    0x000003d4   0x000003d4   0x00000114   Code   RO          531  * .text               startup_tm4c123.o
    0x000004e8   0x000004e8   0x00000018   Code   RO         1843    .text               c_w.l(printf.o)
    0x00000500   0x00000500   0x0000008a   Code   RO         1849    .text               c_w.l(rt_memcpy_v6.o)
    0x0000058a   0x0000058a   0x00000010   Code   RO         1851    .text               c_w.l(aeabi_memset4.o)
    0x0000059a   0x0000059a   0x00000044   Code   RO         1853    .text               c_w.l(rt_memclr.o)
    0x000005de   0x000005de   0x00000002   PAD
    0x000005e0   0x000005e0   0x0000007c   Code   RO         1855    .text               c_w.l(strcmpv7em.o)
    0x0000065c   0x0000065c   0x00000006   Code   RO         1857    .text               c_w.l(heapauxi.o)
    0x00000662   0x00000662   0x0000004e   Code   RO         1866    .text               c_w.l(_printf_pad.o)
    0x000006b0   0x000006b0   0x00000024   Code   RO         1868    .text               c_w.l(_printf_truncate.o)
    0x000006d4   0x000006d4   0x00000052   Code   RO         1870    .text               c_w.l(_printf_str.o)
    0x00000726   0x00000726   0x00000002   PAD
    0x00000728   0x00000728   0x00000078   Code   RO         1872    .text               c_w.l(_printf_dec.o)
    0x000007a0   0x000007a0   0x00000028   Code   RO         1874    .text               c_w.l(_printf_charcount.o)
    0x000007c8   0x000007c8   0x00000030   Code   RO         1876    .text               c_w.l(_printf_char_common.o)
    0x000007f8   0x000007f8   0x000000bc   Code   RO         1882    .text               c_w.l(_printf_wctomb.o)
    0x000008b4   0x000008b4   0x0000007c   Code   RO         1885    .text               c_w.l(_printf_longlong_dec.o)
    0x00000930   0x00000930   0x00000070   Code   RO         1891    .text               c_w.l(_printf_oct_int_ll.o)
    0x000009a0   0x000009a0   0x00000094   Code   RO         1911    .text               c_w.l(_printf_hex_int_ll_ptr.o)
    0x00000a34   0x00000a34   0x00000188   Code   RO         1931    .text               c_w.l(__printf_flags_ss_wp.o)
    0x00000bbc   0x00000bbc   0x00000064   Code   RO         1963    .text               c_w.l(rt_memcpy_w.o)
    0x00000c20   0x00000c20   0x0000004e   Code   RO         1965    .text               c_w.l(rt_memclr_w.o)
    0x00000c6e   0x00000c6e   0x0000008a   Code   RO         1990    .text               c_w.l(lludiv10.o)
    0x00000cf8   0x00000cf8   0x000000b2   Code   RO         1992    .text               c_w.l(_printf_intcommon.o)
    0x00000daa   0x00000daa   0x0000041c   Code   RO         1994    .text               c_w.l(_printf_fp_dec.o)
    0x000011c6   0x000011c6   0x00000002   PAD
    0x000011c8   0x000011c8   0x000002fc   Code   RO         1998    .text               c_w.l(_printf_fp_hex.o)
    0x000014c4   0x000014c4   0x0000002c   Code   RO         2003    .text               c_w.l(_printf_char.o)
    0x000014f0   0x000014f0   0x0000002c   Code   RO         2005    .text               c_w.l(_printf_wchar.o)
    0x0000151c   0x0000151c   0x000001c8   Code   RO         2020    .text               c_w.l(initio_locked.o)
    0x000016e4   0x000016e4   0x00000048   Code   RO         2022    .text               c_w.l(_c16rtomb.o)
    0x0000172c   0x0000172c   0x0000004a   Code   RO         2024    .text               c_w.l(sys_stackheap_outer.o)
    0x00001776   0x00001776   0x00000002   PAD
    0x00001778   0x00001778   0x00000010   Code   RO         2026    .text               c_w.l(rt_ctype_table.o)
    0x00001788   0x00001788   0x0000000a   Code   RO         2033    .text               c_w.l(rt_locale_twolibspace.o)
    0x00001792   0x00001792   0x00000076   Code   RO         2039    .text               c_w.l(h1_free_threads.o)
    0x00001808   0x00001808   0x00000080   Code   RO         2091    .text               c_w.l(_printf_fp_infnan.o)
    0x00001888   0x00001888   0x000000e4   Code   RO         2093    .text               c_w.l(bigflt0.o)
    0x0000196c   0x0000196c   0x000001e2   Code   RO         2120    .text               c_w.l(flsbuf.o)
    0x00001b4e   0x00001b4e   0x0000004c   Code   RO         2127    .text               c_w.l(fclose.o)
    0x00001b9a   0x00001b9a   0x00000068   Code   RO         2129    .text               c_w.l(setvbuf_locked.o)
    0x00001c02   0x00001c02   0x00000002   PAD
    0x00001c04   0x00001c04   0x0000014c   Code   RO         2131    .text               c_w.l(fopen_locked.o)
    0x00001d50   0x00001d50   0x00000012   Code   RO         2136    .text               c_w.l(exit.o)
    0x00001d62   0x00001d62   0x0000000e   Code   RO         2138    .text               c_w.l(defsig_rtred_outer.o)
    0x00001d70   0x00001d70   0x00000008   Code   RO         2216    .text               c_w.l(libspace.o)
    0x00001d78   0x00001d78   0x0000000a   Code   RO         2228    .text               c_w.l(rt_heap_descriptor_twolibspace.o)
    0x00001d82   0x00001d82   0x00000004   Code   RO         2230    .text               c_w.l(hguard.o)
    0x00001d86   0x00001d86   0x0000008a   Code   RO         2232    .text               c_w.l(init_alloc.o)
    0x00001e10   0x00001e10   0x000000a6   Code   RO         2240    .text               c_w.l(h1_alloc_threads.o)
    0x00001eb6   0x00001eb6   0x00000002   PAD
    0x00001eb8   0x00001eb8   0x00000040   Code   RO         2250    .text               c_w.l(_printf_char_file_locked.o)
    0x00001ef8   0x00001ef8   0x000000f8   Code   RO         2254    .text               c_w.l(fseek.o)
    0x00001ff0   0x00001ff0   0x00000108   Code   RO         2256    .text               c_w.l(stdio.o)
    0x000020f8   0x000020f8   0x0000000a   Code   RO         2265    .text               c_w.l(defsig_exit.o)
    0x00002102   0x00002102   0x00000002   PAD
    0x00002104   0x00002104   0x00000034   Code   RO         2267    .text               c_w.l(defsig_rtred_inner.o)
    0x00002138   0x00002138   0x00000000   Code   RO         2281    .text               c_w.l(maybetermalloc2.o)
    0x00002138   0x00002138   0x00000012   Code   RO         2286    .text               c_w.l(h1_init_threads.o)
    0x0000214a   0x0000214a   0x00000052   Code   RO         2288    .text               c_w.l(h1_extend_threads.o)
    0x0000219c   0x0000219c   0x00000042   Code   RO         2296    .text               c_w.l(ftell.o)
    0x000021de   0x000021de   0x00000032   Code   RO         2304    .text               c_w.l(defsig_general.o)
    0x00002210   0x00002210   0x0000000e   Code   RO         2306    .text               c_w.l(defsig_rtmem_outer.o)
    0x0000221e   0x0000221e   0x0000000e   Code   RO         2319    .text               c_w.l(sys_wrch.o)
    0x0000222c   0x0000222c   0x00000004   Code   RO         2332    .text               c_w.l(rt_errno_addr_twolibspace.o)
    0x00002230   0x00002230   0x00000010   Code   RO         2336    .text               c_w.l(term_alloc.o)
    0x00002240   0x00002240   0x00000050   Code   RO         2338    .text               c_w.l(defsig_rtmem_inner.o)
    0x00002290   0x00002290   0x00000002   Code   RO         2345    .text               c_w.l(use_no_semi.o)
    0x00002292   0x00002292   0x00000000   Code   RO         2347    .text               c_w.l(indicate_semi.o)
    0x00002292   0x00002292   0x0000000a   Code   RO         2350    .text               c_w.l(h1_final_threads.o)
    0x0000229c   0x0000229c   0x00000016   Code   RO          277    .text.$Sub$$_fp_init  clib_os.o
    0x000022b2   0x000022b2   0x00000002   PAD
    0x000022b4   0x000022b4   0x00000042   Code   RO          495    .text.ITM_SendChar  retarget_io.o
    0x000022f6   0x000022f6   0x00000002   PAD
    0x000022f8   0x000022f8   0x00000060   Code   RO          618    .text.PendSV_Handler  port.o
    0x00002358   0x00002358   0x00000020   Code   RO          614    .text.SVC_Handler   port.o
    0x00002378   0x00002378   0x0000001e   Code   RO          304    .text.SysTick_Handler  cmsis_os2.o
    0x00002396   0x00002396   0x00000002   PAD
    0x00002398   0x00002398   0x0000010c   Code   RO          542    .text.SystemInit    system_tm4c123.o
    0x000024a4   0x000024a4   0x000000ba   Code   RO          279    .text.__user_perthread_libspace  clib_os.o
    0x0000255e   0x0000255e   0x00000002   PAD
    0x00002560   0x00002560   0x00000028   Code   RO          285    .text._mutex_acquire  clib_os.o
    0x00002588   0x00002588   0x00000054   Code   RO          291    .text._mutex_free   clib_os.o
    0x000025dc   0x000025dc   0x000000a8   Code   RO          283    .text._mutex_initialize  clib_os.o
    0x00002684   0x00002684   0x0000002a   Code   RO          289    .text._mutex_release  clib_os.o
    0x000026ae   0x000026ae   0x00000002   PAD
    0x000026b0   0x000026b0   0x00000002   Code   RO          275    .text._platform_post_stackheap_init  clib_os.o
    0x000026b2   0x000026b2   0x00000002   PAD
    0x000026b4   0x000026b4   0x0000004a   Code   RO          501    .text._sys_close    retarget_io.o
    0x000026fe   0x000026fe   0x00000002   PAD
    0x00002700   0x00002700   0x0000000a   Code   RO           44    .text._sys_exit     retarget.o
    0x0000270a   0x0000270a   0x00000002   PAD
    0x0000270c   0x0000270c   0x00000048   Code   RO          515    .text._sys_flen     retarget_io.o
    0x00002754   0x00002754   0x00000048   Code   RO          511    .text._sys_istty    retarget_io.o
    0x0000279c   0x0000279c   0x00000084   Code   RO          499    .text._sys_open     retarget_io.o
    0x00002820   0x00002820   0x00000052   Code   RO          513    .text._sys_seek     retarget_io.o
    0x00002872   0x00002872   0x00000002   PAD
    0x00002874   0x00002874   0x00000076   Code   RO          503    .text._sys_write    retarget_io.o
    0x000028ea   0x000028ea   0x00000002   PAD
    0x000028ec   0x000028ec   0x00000012   Code   RO          137    .text.buttonDriverIsClosedLimitPressed  buttondriver.o
    0x000028fe   0x000028fe   0x00000002   PAD
    0x00002900   0x00002900   0x00000012   Code   RO          127    .text.buttonDriverIsDriverClosePressed  buttondriver.o
    0x00002912   0x00002912   0x00000002   PAD
    0x00002914   0x00002914   0x00000012   Code   RO          123    .text.buttonDriverIsDriverOpenPressed  buttondriver.o
    0x00002926   0x00002926   0x00000002   PAD
    0x00002928   0x00002928   0x00000012   Code   RO          139    .text.buttonDriverIsObstaclePressed  buttondriver.o
    0x0000293a   0x0000293a   0x00000002   PAD
    0x0000293c   0x0000293c   0x00000012   Code   RO          135    .text.buttonDriverIsOpenLimitPressed  buttondriver.o
    0x0000294e   0x0000294e   0x00000002   PAD
    0x00002950   0x00002950   0x00000012   Code   RO          133    .text.buttonDriverIsSecurityClosePressed  buttondriver.o
    0x00002962   0x00002962   0x00000002   PAD
    0x00002964   0x00002964   0x00000012   Code   RO          129    .text.buttonDriverIsSecurityOpenPressed  buttondriver.o
    0x00002976   0x00002976   0x00000002   PAD
    0x00002978   0x00002978   0x00000024   Code   RO          131    .text.buttonDriverReadActiveHigh  buttondriver.o
    0x0000299c   0x0000299c   0x00000024   Code   RO          125    .text.buttonDriverReadActiveLow  buttondriver.o
    0x000029c0   0x000029c0   0x00000052   Code   RO           95    .text.closeGate     gatestatemachine.o
    0x00002a12   0x00002a12   0x00000002   PAD
    0x00002a14   0x00002a14   0x000000ae   Code   RO            6    .text.createApplicationTasks  main.o
    0x00002ac2   0x00002ac2   0x00000002   PAD
    0x00002ac4   0x00002ac4   0x0000009c   Code   RO           59    .text.evaluatePressedButtons  gatestatemachine.o
    0x00002b60   0x00002b60   0x00000096   Code   RO          189    .text.gateControlTask  gatecontroltask.o
    0x00002bf6   0x00002bf6   0x00000002   PAD
    0x00002bf8   0x00002bf8   0x00000056   Code   RO           79    .text.gateStateMachineFinishReversing  gatestatemachine.o
    0x00002c4e   0x00002c4e   0x00000002   PAD
    0x00002c50   0x00002c50   0x0000000c   Code   RO           75    .text.gateStateMachineGetActiveCommand  gatestatemachine.o
    0x00002c5c   0x00002c5c   0x0000000c   Code   RO           73    .text.gateStateMachineGetControlMode  gatestatemachine.o
    0x00002c68   0x00002c68   0x0000000c   Code   RO           71    .text.gateStateMachineGetState  gatestatemachine.o
    0x00002c74   0x00002c74   0x00000068   Code   RO           55    .text.gateStateMachineHandleEvent  gatestatemachine.o
    0x00002cdc   0x00002cdc   0x0000009a   Code   RO           53    .text.gateStateMachineInit  gatestatemachine.o
    0x00002d76   0x00002d76   0x00000002   PAD
    0x00002d78   0x00002d78   0x0000004a   Code   RO           97    .text.getPressedDuration  gatestatemachine.o
    0x00002dc2   0x00002dc2   0x00000002   PAD
    0x00002dc4   0x00002dc4   0x000000cc   Code   RO           91    .text.getPriorityCommand  gatestatemachine.o
    0x00002e90   0x00002e90   0x00000166   Code   RO          148    .text.gpioDriverInit  gpiodriver.o
    0x00002ff6   0x00002ff6   0x00000002   PAD
    0x00002ff8   0x00002ff8   0x00000124   Code   RO           61    .text.handleButtonRelease  gatestatemachine.o
    0x0000311c   0x0000311c   0x00000052   Code   RO           65    .text.handleClosedLimit  gatestatemachine.o
    0x0000316e   0x0000316e   0x00000002   PAD
    0x00003170   0x00003170   0x00000044   Code   RO           67    .text.handleObstacle  gatestatemachine.o
    0x000031b4   0x000031b4   0x00000064   Code   RO           63    .text.handleOpenLimit  gatestatemachine.o
    0x00003218   0x00003218   0x000001bc   Code   RO          197    .text.inputTask     inputtask.o
    0x000033d4   0x000033d4   0x0000005e   Code   RO          199    .text.inputTaskSendEvent  inputtask.o
    0x00003432   0x00003432   0x00000002   PAD
    0x00003434   0x00003434   0x000000de   Code   RO           99    .text.isReleaseOfActiveButton  gatestatemachine.o
    0x00003512   0x00003512   0x00000002   PAD
    0x00003514   0x00003514   0x00000062   Code   RO           89    .text.isSamePanelConflict  gatestatemachine.o
    0x00003576   0x00003576   0x00000002   PAD
    0x00003578   0x00003578   0x00000020   Code   RO          287    .text.is_thread_mode  clib_os.o
    0x00003598   0x00003598   0x00000026   Code   RO          164    .text.ledDriverAllOff  leddriver.o
    0x000035be   0x000035be   0x00000002   PAD
    0x000035c0   0x000035c0   0x00000014   Code   RO          158    .text.ledDriverGreenOff  leddriver.o
    0x000035d4   0x000035d4   0x00000014   Code   RO          156    .text.ledDriverGreenOn  leddriver.o
    0x000035e8   0x000035e8   0x00000014   Code   RO          162    .text.ledDriverRedOff  leddriver.o
    0x000035fc   0x000035fc   0x00000014   Code   RO          160    .text.ledDriverRedOn  leddriver.o
    0x00003610   0x00003610   0x00000062   Code   RO          211    .text.ledTask       ledtask.o
    0x00003672   0x00003672   0x00000002   PAD
    0x00003674   0x00003674   0x00000018   Code   RO            2    .text.main          main.o
    0x0000368c   0x0000368c   0x00000054   Code   RO           93    .text.openGate      gatestatemachine.o
    0x000036e0   0x000036e0   0x00000020   Code   RO          281    .text.os_kernel_is_active  clib_os.o
    0x00003700   0x00003700   0x0000010e   Code   RO          789    .text.prvAddCurrentTaskToDelayedList  tasks.o
    0x0000380e   0x0000380e   0x00000002   PAD
    0x00003810   0x00003810   0x00000170   Code   RO          773    .text.prvAddNewTaskToReadyList  tasks.o
    0x00003980   0x00003980   0x0000007e   Code   RO          951    .text.prvCheckForValidListAndQueue  timers.o
    0x000039fe   0x000039fe   0x00000002   PAD
    0x00003a00   0x00003a00   0x0000005a   Code   RO          823    .text.prvCheckTasksWaitingTermination  tasks.o
    0x00003a5a   0x00003a5a   0x00000002   PAD
    0x00003a5c   0x00003a5c   0x00000042   Code   RO          726    .text.prvCopyDataFromQueue  queue.o
    0x00003a9e   0x00003a9e   0x00000002   PAD
    0x00003aa0   0x00003aa0   0x000000cc   Code   RO          714    .text.prvCopyDataToQueue  queue.o
    0x00003b6c   0x00003b6c   0x000000d8   Code   RO          819    .text.prvCreateIdleTasks  tasks.o
    0x00003c44   0x00003c44   0x000000aa   Code   RO          771    .text.prvCreateStaticTask  tasks.o
    0x00003cee   0x00003cee   0x00000002   PAD
    0x00003cf0   0x00003cf0   0x0000008e   Code   RO          777    .text.prvCreateTask  tasks.o
    0x00003d7e   0x00003d7e   0x00000002   PAD
    0x00003d80   0x00003d80   0x00000050   Code   RO          783    .text.prvDeleteTCB  tasks.o
    0x00003dd0   0x00003dd0   0x00000026   Code   RO          730    .text.prvGetHighestPriorityOfWaitToReceiveList  queue.o
    0x00003df6   0x00003df6   0x00000002   PAD
    0x00003df8   0x00003df8   0x00000040   Code   RO          997    .text.prvGetNextExpireTime  timers.o
    0x00003e38   0x00003e38   0x000000aa   Code   RO          648    .text.prvHeapInit   heap_4.o
    0x00003ee2   0x00003ee2   0x00000002   PAD
    0x00003ee4   0x00003ee4   0x00000038   Code   RO          913    .text.prvIdleTask   tasks.o
    0x00003f1c   0x00003f1c   0x0000002c   Code   RO          694    .text.prvInitialiseMutex  queue.o
    0x00003f48   0x00003f48   0x00000048   Code   RO          686    .text.prvInitialiseNewQueue  queue.o
    0x00003f90   0x00003f90   0x00000108   Code   RO          909    .text.prvInitialiseNewTask  tasks.o
    0x00004098   0x00004098   0x0000008e   Code   RO          911    .text.prvInitialiseTaskLists  tasks.o
    0x00004126   0x00004126   0x00000002   PAD
    0x00004128   0x00004128   0x00000118   Code   RO          652    .text.prvInsertBlockIntoFreeList  heap_4.o
    0x00004240   0x00004240   0x00000086   Code   RO         1011    .text.prvInsertTimerInActiveList  timers.o
    0x000042c6   0x000042c6   0x00000002   PAD
    0x000042c8   0x000042c8   0x00000028   Code   RO          728    .text.prvIsQueueEmpty  queue.o
    0x000042f0   0x000042f0   0x0000002e   Code   RO          716    .text.prvIsQueueFull  queue.o
    0x0000431e   0x0000431e   0x00000002   PAD
    0x00004320   0x00004320   0x00000028   Code   RO          624    .text.prvPortStartFirstTask  port.o
    0x00004348   0x00004348   0x00000054   Code   RO         1005    .text.prvProcessExpiredTimer  timers.o
    0x0000439c   0x0000439c   0x0000017a   Code   RO         1001    .text.prvProcessReceivedCommands  timers.o
    0x00004516   0x00004516   0x00000002   PAD
    0x00004518   0x00004518   0x0000009a   Code   RO          999    .text.prvProcessTimerOrBlockTask  timers.o
    0x000045b2   0x000045b2   0x00000002   PAD
    0x000045b4   0x000045b4   0x00000034   Code   RO         1009    .text.prvReloadTimer  timers.o
    0x000045e8   0x000045e8   0x0000003c   Code   RO          781    .text.prvResetNextTaskUnblockTime  tasks.o
    0x00004624   0x00004624   0x00000044   Code   RO         1003    .text.prvSampleTimeNow  timers.o
    0x00004668   0x00004668   0x00000052   Code   RO         1007    .text.prvSwitchTimerLists  timers.o
    0x000046ba   0x000046ba   0x00000002   PAD
    0x000046bc   0x000046bc   0x0000003e   Code   RO          612    .text.prvTaskExitError  port.o
    0x000046fa   0x000046fa   0x00000002   PAD
    0x000046fc   0x000046fc   0x0000001e   Code   RO          953    .text.prvTimerTask  timers.o
    0x0000471a   0x0000471a   0x00000002   PAD
    0x0000471c   0x0000471c   0x000000ae   Code   RO          718    .text.prvUnlockQueue  queue.o
    0x000047ca   0x000047ca   0x00000002   PAD
    0x000047cc   0x000047cc   0x000002b8   Code   RO          646    .text.pvPortMalloc  heap_4.o
    0x00004a84   0x00004a84   0x00000024   Code   RO          887    .text.pvTaskIncrementMutexHeldCount  tasks.o
    0x00004aa8   0x00004aa8   0x0000005e   Code   RO          610    .text.pxPortInitialiseStack  port.o
    0x00004b06   0x00004b06   0x00000002   PAD
    0x00004b08   0x00004b08   0x0000003c   Code   RO          256    .text.rtosObjectsGetActiveCommand  rtosobjects.o
    0x00004b44   0x00004b44   0x0000003c   Code   RO          252    .text.rtosObjectsGetControlMode  rtosobjects.o
    0x00004b80   0x00004b80   0x00000066   Code   RO          248    .text.rtosObjectsGetGateState  rtosobjects.o
    0x00004be6   0x00004be6   0x00000002   PAD
    0x00004be8   0x00004be8   0x00000078   Code   RO          246    .text.rtosObjectsInit  rtosobjects.o
    0x00004c60   0x00004c60   0x0000003c   Code   RO          258    .text.rtosObjectsSetActiveCommand  rtosobjects.o
    0x00004c9c   0x00004c9c   0x0000003c   Code   RO          254    .text.rtosObjectsSetControlMode  rtosobjects.o
    0x00004cd8   0x00004cd8   0x00000066   Code   RO          250    .text.rtosObjectsSetGateState  rtosobjects.o
    0x00004d3e   0x00004d3e   0x00000002   PAD
    0x00004d40   0x00004d40   0x0000007c   Code   RO          219    .text.safetyTask    safetytask.o
    0x00004dbc   0x00004dbc   0x00000050   Code   RO          221    .text.safetyTaskSendEvent  safetytask.o
    0x00004e0c   0x00004e0c   0x000000b6   Code   RO          230    .text.statusTask    statustask.o
    0x00004ec2   0x00004ec2   0x00000002   PAD
    0x00004ec4   0x00004ec4   0x0000005e   Code   RO          236    .text.statusTaskCommandToString  statustask.o
    0x00004f22   0x00004f22   0x00000002   PAD
    0x00004f24   0x00004f24   0x00000058   Code   RO          234    .text.statusTaskModeToString  statustask.o
    0x00004f7c   0x00004f7c   0x00000078   Code   RO          232    .text.statusTaskStateToString  statustask.o
    0x00004ff4   0x00004ff4   0x00000010   Code   RO          505    .text.stdout_putchar  retarget_io.o
    0x00005004   0x00005004   0x00000030   Code   RO           69    .text.stopGate      gatestatemachine.o
    0x00005034   0x00005034   0x00000014   Code   RO            4    .text.systemInit    main.o
    0x00005048   0x00005048   0x00000150   Code   RO           57    .text.updateButtonMemory  gatestatemachine.o
    0x00005198   0x00005198   0x00000048   Code   RO          601    .text.uxListRemove  list.o
    0x000051e0   0x000051e0   0x0000002a   Code   RO          903    .text.vApplicationGetIdleTaskMemory  tasks.o
    0x0000520a   0x0000520a   0x00000002   PAD
    0x0000520c   0x0000520c   0x0000002a   Code   RO          905    .text.vApplicationGetTimerTaskMemory  tasks.o
    0x00005236   0x00005236   0x00000002   PAD
    0x00005238   0x00005238   0x00000010   Code   RO          458    .text.vApplicationStackOverflowHook  cmsis_os2.o
    0x00005248   0x00005248   0x0000002e   Code   RO          593    .text.vListInitialise  list.o
    0x00005276   0x00005276   0x00000002   PAD
    0x00005278   0x00005278   0x0000000e   Code   RO          595    .text.vListInitialiseItem  list.o
    0x00005286   0x00005286   0x00000002   PAD
    0x00005288   0x00005288   0x0000006a   Code   RO          599    .text.vListInsert   list.o
    0x000052f2   0x000052f2   0x00000002   PAD
    0x000052f4   0x000052f4   0x00000014   Code   RO          622    .text.vPortEnableVFP  port.o
    0x00005308   0x00005308   0x00000048   Code   RO          628    .text.vPortEnterCritical  port.o
    0x00005350   0x00005350   0x0000003c   Code   RO          630    .text.vPortExitCritical  port.o
    0x0000538c   0x0000538c   0x000000de   Code   RO          650    .text.vPortFree     heap_4.o
    0x0000546a   0x0000546a   0x00000002   PAD
    0x0000546c   0x0000546c   0x00000044   Code   RO          620    .text.vPortSetupTimerInterrupt  port.o
    0x000054b0   0x000054b0   0x00000030   Code   RO          744    .text.vQueueDelete  queue.o
    0x000054e0   0x000054e0   0x00000064   Code   RO          760    .text.vQueueWaitForMessageRestricted  queue.o
    0x00005544   0x00005544   0x00000062   Code   RO          793    .text.vTaskDelay    tasks.o
    0x000055a6   0x000055a6   0x00000002   PAD
    0x000055a8   0x000055a8   0x00000024   Code   RO          857    .text.vTaskInternalSetTimeOutState  tasks.o
    0x000055cc   0x000055cc   0x0000000e   Code   RO          861    .text.vTaskMissedYield  tasks.o
    0x000055da   0x000055da   0x00000002   PAD
    0x000055dc   0x000055dc   0x00000034   Code   RO          845    .text.vTaskPlaceOnEventList  tasks.o
    0x00005610   0x00005610   0x00000072   Code   RO          849    .text.vTaskPlaceOnEventListRestricted  tasks.o
    0x00005682   0x00005682   0x00000002   PAD
    0x00005684   0x00005684   0x00000166   Code   RO          883    .text.vTaskPriorityDisinheritAfterTimeout  tasks.o
    0x000057ea   0x000057ea   0x00000002   PAD
    0x000057ec   0x000057ec   0x00000082   Code   RO          817    .text.vTaskStartScheduler  tasks.o
    0x0000586e   0x0000586e   0x00000002   PAD
    0x00005870   0x00005870   0x00000010   Code   RO          787    .text.vTaskSuspendAll  tasks.o
    0x00005880   0x00005880   0x00000138   Code   RO          809    .text.vTaskSwitchContext  tasks.o
    0x000059b8   0x000059b8   0x000001ac   Code   RO          616    .text.xPortStartScheduler  port.o
    0x00005b64   0x00005b64   0x0000003e   Code   RO          632    .text.xPortSysTickHandler  port.o
    0x00005ba2   0x00005ba2   0x00000002   PAD
    0x00005ba4   0x00005ba4   0x00000026   Code   RO          692    .text.xQueueCreateMutex  queue.o
    0x00005bca   0x00005bca   0x00000002   PAD
    0x00005bcc   0x00005bcc   0x00000032   Code   RO          696    .text.xQueueCreateMutexStatic  queue.o
    0x00005bfe   0x00005bfe   0x00000002   PAD
    0x00005c00   0x00005c00   0x00000094   Code   RO          690    .text.xQueueGenericCreate  queue.o
    0x00005c94   0x00005c94   0x0000009e   Code   RO          684    .text.xQueueGenericCreateStatic  queue.o
    0x00005d32   0x00005d32   0x00000002   PAD
    0x00005d34   0x00005d34   0x000000ec   Code   RO          682    .text.xQueueGenericReset  queue.o
    0x00005e20   0x00005e20   0x000001f4   Code   RO          704    .text.xQueueGenericSend  queue.o
    0x00006014   0x00006014   0x000001b2   Code   RO          724    .text.xQueueReceive  queue.o
    0x000061c6   0x000061c6   0x00000002   PAD
    0x000061c8   0x000061c8   0x000001e6   Code   RO          708    .text.xQueueSemaphoreTake  queue.o
    0x000063ae   0x000063ae   0x00000002   PAD
    0x000063b0   0x000063b0   0x000000e0   Code   RO          859    .text.xTaskCheckForTimeOut  tasks.o
    0x00006490   0x00006490   0x00000052   Code   RO          775    .text.xTaskCreate   tasks.o
    0x000064e2   0x000064e2   0x00000002   PAD
    0x000064e4   0x000064e4   0x0000005c   Code   RO          769    .text.xTaskCreateStatic  tasks.o
    0x00006540   0x00006540   0x00000014   Code   RO          873    .text.xTaskGetCurrentTaskHandle  tasks.o
    0x00006554   0x00006554   0x00000038   Code   RO          877    .text.xTaskGetSchedulerState  tasks.o
    0x0000658c   0x0000658c   0x00000014   Code   RO          827    .text.xTaskGetTickCount  tasks.o
    0x000065a0   0x000065a0   0x00000276   Code   RO          825    .text.xTaskIncrementTick  tasks.o
    0x00006816   0x00006816   0x00000002   PAD
    0x00006818   0x00006818   0x0000011e   Code   RO          881    .text.xTaskPriorityDisinherit  tasks.o
    0x00006936   0x00006936   0x00000002   PAD
    0x00006938   0x00006938   0x0000015c   Code   RO          879    .text.xTaskPriorityInherit  tasks.o
    0x00006a94   0x00006a94   0x000001a2   Code   RO          851    .text.xTaskRemoveFromEventList  tasks.o
    0x00006c36   0x00006c36   0x00000002   PAD
    0x00006c38   0x00006c38   0x00000248   Code   RO          791    .text.xTaskResumeAll  tasks.o
    0x00006e80   0x00006e80   0x00000086   Code   RO          949    .text.xTimerCreateTimerTask  timers.o
    0x00006f06   0x00006f06   0x0000003e   Code   RO         2096    CL$$btod_d2e        c_w.l(btod.o)
    0x00006f44   0x00006f44   0x00000046   Code   RO         2098    CL$$btod_d2e_denorm_low  c_w.l(btod.o)
    0x00006f8a   0x00006f8a   0x00000060   Code   RO         2097    CL$$btod_d2e_norm_op1  c_w.l(btod.o)
    0x00006fea   0x00006fea   0x00000002   PAD
    0x00006fec   0x00006fec   0x00000338   Code   RO         2106    CL$$btod_div_common  c_w.l(btod.o)
    0x00007324   0x00007324   0x000000dc   Code   RO         2103    CL$$btod_e2e        c_w.l(btod.o)
    0x00007400   0x00007400   0x0000002a   Code   RO         2100    CL$$btod_ediv       c_w.l(btod.o)
    0x0000742a   0x0000742a   0x0000002a   Code   RO         2099    CL$$btod_emul       c_w.l(btod.o)
    0x00007454   0x00007454   0x00000244   Code   RO         2105    CL$$btod_mult_common  c_w.l(btod.o)
    0x00007698   0x00007698   0x00000028   Code   RO         1034    i.GPIODirModeSet    driverlib.lib(gpio.o)
    0x000076c0   0x000076c0   0x00000170   Code   RO         1046    i.GPIOPadConfigSet  driverlib.lib(gpio.o)
    0x00007830   0x00007830   0x00000006   Code   RO         1048    i.GPIOPinRead       driverlib.lib(gpio.o)
    0x00007836   0x00007836   0x0000001c   Code   RO         1057    i.GPIOPinTypeGPIOInput  driverlib.lib(gpio.o)
    0x00007852   0x00007852   0x0000001c   Code   RO         1058    i.GPIOPinTypeGPIOOutput  driverlib.lib(gpio.o)
    0x0000786e   0x0000786e   0x00000006   Code   RO         1076    i.GPIOPinWrite      driverlib.lib(gpio.o)
    0x00007874   0x00007874   0x00000028   Code   RO         1401    i.SysCtlPeripheralEnable  driverlib.lib(sysctl.o)
    0x0000789c   0x0000789c   0x0000002c   Code   RO         1405    i.SysCtlPeripheralReady  driverlib.lib(sysctl.o)
    0x000078c8   0x000078c8   0x00000030   Code   RO         2214    i.__ARM_fpclassify  m_wm.l(fpclassify.o)
    0x000078f8   0x000078f8   0x0000000e   Code   RO         1924    i._is_digit         c_w.l(__printf_wp.o)
    0x00007906   0x00007906   0x0000001c   Code   RO         2011    i.fputc             c_w.l(fputc.o)
    0x00007922   0x00007922   0x00000002   PAD
    0x00007924   0x00007924   0x0000002c   Code   RO         2134    locale$$code        c_w.l(lc_numeric_c.o)
    0x00007950   0x00007950   0x0000002c   Code   RO         2263    locale$$code        c_w.l(lc_ctype_c.o)
    0x0000797c   0x0000797c   0x0000001a   Code   RO         1861    x$fpl$fpinit        fz_wm.l(fpinit.o)
    0x00007996   0x00007996   0x00000004   Code   RO         1967    x$fpl$printf1       fz_wm.l(printf1.o)
    0x0000799a   0x0000799a   0x00000004   Code   RO         1969    x$fpl$printf2       fz_wm.l(printf2.o)
    0x0000799e   0x0000799e   0x00000000   Code   RO         2213    x$fpl$usenofp       fz_wm.l(usenofp.o)
    0x0000799e   0x0000799e   0x00000002   PAD
    0x000079a0   0x000079a0   0x00000008   Data   RO         1883    .constdata          c_w.l(_printf_wctomb.o)
    0x000079a8   0x000079a8   0x00000028   Data   RO         1912    .constdata          c_w.l(_printf_hex_int_ll_ptr.o)
    0x000079d0   0x000079d0   0x00000011   Data   RO         1932    .constdata          c_w.l(__printf_flags_ss_wp.o)
    0x000079e1   0x000079e1   0x00000026   Data   RO         1999    .constdata          c_w.l(_printf_fp_hex.o)
    0x00007a07   0x00007a07   0x00000001   PAD
    0x00007a08   0x00007a08   0x00000094   Data   RO         2094    .constdata          c_w.l(bigflt0.o)
    0x00007a9c   0x00007a9c   0x00000008   Data   RO          520    .rodata.__stderr_name  retarget_io.o
    0x00007aa4   0x00007aa4   0x00000007   Data   RO          518    .rodata.__stdin_name  retarget_io.o
    0x00007aab   0x00007aab   0x00000008   Data   RO          519    .rodata.__stdout_name  retarget_io.o
    0x00007ab3   0x00007ab3   0x00000021   Data   RO            8    .rodata.str1.1      main.o
    0x00007ad4   0x00007ad4   0x0000009e   Data   RO          238    .rodata.str1.1      statustask.o
    0x00007b72   0x00007b72   0x00000017   Data   RO          521    .rodata.str1.1      retarget_io.o
    0x00007b89   0x00007b89   0x00000005   Data   RO          941    .rodata.str1.1      tasks.o
    0x00007b8e   0x00007b8e   0x00000008   Data   RO         1014    .rodata.str1.1      timers.o
    0x00007b96   0x00007b96   0x00000002   PAD
    0x00007b98   0x00007b98   0x00000004   Data   RO          932    .rodata.uxTopUsedPriority  tasks.o
    0x00007b9c   0x00007b9c   0x00000020   Data   RO         2367    Region$$Table       anon$$obj.o
    0x00007bbc   0x00007bbc   0x0000001c   Data   RO         2133    locale$$data        c_w.l(lc_numeric_c.o)
    0x00007bd8   0x00007bd8   0x00000110   Data   RO         2262    locale$$data        c_w.l(lc_ctype_c.o)


    Execution Region ER_RW (Exec base: 0x20000000, Load base: 0x00007ce8, Size: 0x00000018, Max: 0xffffffff, ABSOLUTE)

    Exec Addr    Load Addr    Size         Type   Attr      Idx    E Section Name        Object

    0x20000000   0x00007ce8   0x00000004   Data   RW         1960    .data               c_w.l(stdio_streams.o)
    0x20000004   0x00007cec   0x00000004   Data   RW         1961    .data               c_w.l(stdio_streams.o)
    0x20000008   0x00007cf0   0x00000004   Data   RW         1962    .data               c_w.l(stdio_streams.o)
    0x2000000c   0x00007cf4   0x00000004   Data   RW         2124    .data               c_w.l(streamlock.o)
    0x20000010   0x00007cf8   0x00000004   Data   RW          544    .data.SystemCoreClock  system_tm4c123.o
    0x20000014   0x00007cfc   0x00000004   Data   RW          638    .data.uxCriticalNesting  port.o


    Execution Region ER_ZI (Exec base: 0x20000018, Load base: 0x00007d00, Size: 0x00003210, Max: 0xffffffff, ABSOLUTE)

    Exec Addr    Load Addr    Size         Type   Attr      Idx    E Section Name        Object

    0x20000018        -       0x00000054   Zero   RW         1957    .bss                c_w.l(stdio_streams.o)
    0x2000006c        -       0x00000054   Zero   RW         1958    .bss                c_w.l(stdio_streams.o)
    0x200000c0        -       0x00000054   Zero   RW         1959    .bss                c_w.l(stdio_streams.o)
    0x20000114        -       0x00000060   Zero   RW         2217    .bss                c_w.l(libspace.o)
    0x20000174        -       0x00000001   Zero   RW          103    .bss.activeCommand  gatestatemachine.o
    0x20000175        -       0x00000001   Zero   RW          267    .bss.activeCommand  rtosobjects.o
    0x20000176        -       0x00000001   Zero   RW          104    .bss.activeCommandSource  gatestatemachine.o
    0x20000177   0x00007d00   0x00000001   PAD
    0x20000178        -       0x00000190   Zero   RW          296    .bss.clib_mutex_cb  clib_os.o
    0x20000308        -       0x00000014   Zero   RW          295    .bss.clib_mutex_id  clib_os.o
    0x2000031c        -       0x00000004   Zero   RW          262    .bss.closedLimitSemaphore  rtosobjects.o
    0x20000320        -       0x00000001   Zero   RW          102    .bss.currentControlMode  gatestatemachine.o
    0x20000321        -       0x00000001   Zero   RW          266    .bss.currentControlMode  rtosobjects.o
    0x20000322        -       0x00000001   Zero   RW          101    .bss.currentGateState  gatestatemachine.o
    0x20000323        -       0x00000001   Zero   RW          265    .bss.currentGateState  rtosobjects.o
    0x20000324        -       0x00000004   Zero   RW          182    .bss.debugClosedLimitSemaphoreCount  debugvars.o
    0x20000328        -       0x00000001   Zero   RW          176    .bss.debugLastEventReceived  debugvars.o
    0x20000329        -       0x00000001   Zero   RW          175    .bss.debugLastEventSent  debugvars.o
    0x2000032a        -       0x00000001   Zero   RW          180    .bss.debugLastStateRead  debugvars.o
    0x2000032b   0x00007d00   0x00000001   PAD
    0x2000032c        -       0x00000004   Zero   RW          178    .bss.debugMutexGiveCount  debugvars.o
    0x20000330        -       0x00000004   Zero   RW          177    .bss.debugMutexTakeCount  debugvars.o
    0x20000334        -       0x00000004   Zero   RW          183    .bss.debugObstacleSemaphoreCount  debugvars.o
    0x20000338        -       0x00000004   Zero   RW          181    .bss.debugOpenLimitSemaphoreCount  debugvars.o
    0x2000033c        -       0x00000004   Zero   RW          174    .bss.debugQueueEventsReceived  debugvars.o
    0x20000340        -       0x00000004   Zero   RW          173    .bss.debugQueueEventsSent  debugvars.o
    0x20000344        -       0x00000001   Zero   RW          106    .bss.driverClosePressed  gatestatemachine.o
    0x20000345   0x00007d00   0x00000003   PAD
    0x20000348        -       0x00000004   Zero   RW          110    .bss.driverClosePressedTime  gatestatemachine.o
    0x2000034c        -       0x00000001   Zero   RW          105    .bss.driverOpenPressed  gatestatemachine.o
    0x2000034d   0x00007d00   0x00000003   PAD
    0x20000350        -       0x00000004   Zero   RW          109    .bss.driverOpenPressedTime  gatestatemachine.o
    0x20000354        -       0x00000004   Zero   RW          260    .bss.gateEventQueue  rtosobjects.o
    0x20000358        -       0x00000004   Zero   RW          264    .bss.gateStateMutex  rtosobjects.o
    0x2000035c        -       0x00000001   Zero   RW          113    .bss.lastPressedCommand  gatestatemachine.o
    0x2000035d        -       0x00000001   Zero   RW          114    .bss.lastPressedSource  gatestatemachine.o
    0x2000035e   0x00007d00   0x00000002   PAD
    0x20000360        -       0x00000004   Zero   RW          115    .bss.lastPressedTime  gatestatemachine.o
    0x20000364        -       0x00000004   Zero   RW          263    .bss.obstacleSemaphore  rtosobjects.o
    0x20000368        -       0x00000004   Zero   RW          261    .bss.openLimitSemaphore  rtosobjects.o
    0x2000036c        -       0x000001e0   Zero   RW          293    .bss.os_libspace    clib_os.o
    0x2000054c        -       0x00000010   Zero   RW          294    .bss.os_libspace_id  clib_os.o
    0x2000055c        -       0x00000050   Zero   RW         1022    .bss.prvCheckForValidListAndQueue.ucStaticTimerQueueStorage  timers.o
    0x200005ac        -       0x00000050   Zero   RW         1021    .bss.prvCheckForValidListAndQueue.xStaticTimerQueue  timers.o
    0x200005fc        -       0x00000004   Zero   RW         1018    .bss.prvSampleTimeNow.xLastTime  timers.o
    0x20000600        -       0x00000004   Zero   RW          915    .bss.pxCurrentTCB   tasks.o
    0x20000604        -       0x00000004   Zero   RW         1016    .bss.pxCurrentTimerList  timers.o
    0x20000608        -       0x00000004   Zero   RW          923    .bss.pxDelayedTaskList  tasks.o
    0x2000060c        -       0x00000004   Zero   RW          668    .bss.pxEnd          heap_4.o
    0x20000610        -       0x00000004   Zero   RW          924    .bss.pxOverflowDelayedTaskList  tasks.o
    0x20000614        -       0x00000004   Zero   RW         1017    .bss.pxOverflowTimerList  timers.o
    0x20000618        -       0x00000460   Zero   RW          927    .bss.pxReadyTasksLists  tasks.o
    0x20000a78        -       0x00000001   Zero   RW          108    .bss.securityClosePressed  gatestatemachine.o
    0x20000a79   0x00007d00   0x00000003   PAD
    0x20000a7c        -       0x00000004   Zero   RW          112    .bss.securityClosePressedTime  gatestatemachine.o
    0x20000a80        -       0x00000001   Zero   RW          107    .bss.securityOpenPressed  gatestatemachine.o
    0x20000a81   0x00007d00   0x00000003   PAD
    0x20000a84        -       0x00000004   Zero   RW          111    .bss.securityOpenPressedTime  gatestatemachine.o
    0x20000a88        -       0x00002000   Zero   RW          671    .bss.ucHeap         heap_4.o
    0x20002a88        -       0x00000001   Zero   RW          636    .bss.ucMaxSysCallPriority  port.o
    0x20002a89   0x00007d00   0x00000003   PAD
    0x20002a8c        -       0x00000004   Zero   RW          637    .bss.ulMaxPRIGROUPValue  port.o
    0x20002a90        -       0x00000004   Zero   RW          920    .bss.uxCurrentNumberOfTasks  tasks.o
    0x20002a94        -       0x00000004   Zero   RW          919    .bss.uxDeletedTasksWaitingCleanUp  tasks.o
    0x20002a98        -       0x00000004   Zero   RW          921    .bss.uxSchedulerSuspended  tasks.o
    0x20002a9c        -       0x00000004   Zero   RW          916    .bss.uxTaskNumber   tasks.o
    0x20002aa0        -       0x00000004   Zero   RW          928    .bss.uxTopReadyPriority  tasks.o
    0x20002aa4        -       0x00000200   Zero   RW          936    .bss.vApplicationGetIdleTaskMemory.uxIdleTaskStack  tasks.o
    0x20002ca4        -       0x0000005c   Zero   RW          935    .bss.vApplicationGetIdleTaskMemory.xIdleTaskTCB  tasks.o
    0x20002d00        -       0x00000200   Zero   RW          938    .bss.vApplicationGetTimerTaskMemory.uxTimerTaskStack  tasks.o
    0x20002f00        -       0x0000005c   Zero   RW          937    .bss.vApplicationGetTimerTaskMemory.xTimerTaskTCB  tasks.o
    0x20002f5c        -       0x00000014   Zero   RW         1019    .bss.xActiveTimerList1  timers.o
    0x20002f70        -       0x00000014   Zero   RW         1020    .bss.xActiveTimerList2  timers.o
    0x20002f84        -       0x00000014   Zero   RW          939    .bss.xDelayedTaskList1  tasks.o
    0x20002f98        -       0x00000014   Zero   RW          940    .bss.xDelayedTaskList2  tasks.o
    0x20002fac        -       0x00000004   Zero   RW          669    .bss.xFreeBytesRemaining  heap_4.o
    0x20002fb0        -       0x00000004   Zero   RW          931    .bss.xIdleTaskHandles  tasks.o
    0x20002fb4        -       0x00000004   Zero   RW          672    .bss.xMinimumEverFreeBytesRemaining  heap_4.o
    0x20002fb8        -       0x00000004   Zero   RW          930    .bss.xNextTaskUnblockTime  tasks.o
    0x20002fbc        -       0x00000004   Zero   RW          934    .bss.xNumOfOverflows  tasks.o
    0x20002fc0        -       0x00000004   Zero   RW          673    .bss.xNumberOfSuccessfulAllocations  heap_4.o
    0x20002fc4        -       0x00000004   Zero   RW          674    .bss.xNumberOfSuccessfulFrees  heap_4.o
    0x20002fc8        -       0x00000004   Zero   RW          933    .bss.xPendedTicks   tasks.o
    0x20002fcc        -       0x00000014   Zero   RW          925    .bss.xPendingReadyList  tasks.o
    0x20002fe0        -       0x00000004   Zero   RW          917    .bss.xSchedulerRunning  tasks.o
    0x20002fe4        -       0x00000008   Zero   RW          670    .bss.xStart         heap_4.o
    0x20002fec        -       0x00000014   Zero   RW          926    .bss.xSuspendedTaskList  tasks.o
    0x20003000        -       0x00000014   Zero   RW          918    .bss.xTasksWaitingTermination  tasks.o
    0x20003014        -       0x00000004   Zero   RW          922    .bss.xTickCount     tasks.o
    0x20003018        -       0x00000004   Zero   RW         1013    .bss.xTimerQueue    timers.o
    0x2000301c        -       0x00000004   Zero   RW         1015    .bss.xTimerTaskHandle  timers.o
    0x20003020        -       0x00000004   Zero   RW          929    .bss.xYieldPendings  tasks.o
    0x20003024   0x00007d00   0x00000004   PAD
    0x20003028        -       0x00000000   Zero   RW          529    HEAP                startup_tm4c123.o
    0x20003028        -       0x00000200   Zero   RW          528    STACK               startup_tm4c123.o


==============================================================================

Image component sizes


      Code (inc. data)   RO Data    RW Data    ZI Data      Debug   Object Name

       198          0          0          0          0       1572   buttondriver.o
       608          0          0          0        916       4279   clib_os.o
        46          0          0          0          0      29844   cmsis_os2.o
         0          0          0          0         31       1506   debugvars.o
       150          0          0          0          0       1828   gatecontroltask.o
      2226         20          0          0         30       6052   gatestatemachine.o
       358          0          0          0          0        441   gpiodriver.o
      1368          0          0          0       8220       4809   heap_4.o
       538          0          0          0          0       2430   inputtask.o
       118          0          0          0          0        726   leddriver.o
        98          0          0          0          0        993   ledtask.o
       238          0          0          0          0       2321   list.o
       218          0         33          0          0        785   main.o
      1034         16          0          4          5       3709   port.o
      2882          0          0          0          0      15437   queue.o
        10          0          0          0          0       1693   retarget.o
       632          0         46          0          0       3162   retarget_io.o
       564          0          0          0         23       2657   rtosobjects.o
       204          0          0          0          0       1947   safetytask.o
       276         24        620          0        512       5464   startup_tm4c123.o
       484         10        158          0          0       2246   statustask.o
       268          0          0          4          0       6779   system_tm4c123.o
      5868          0          9          0       2488      27943   tasks.o
      1306         10          8          0        220      11451   timers.o

    ----------------------------------------------------------------------
     19838         80        908          8      12468     140074   Object Totals
         0          0         32          0          0          0   (incl. Generated)
       146          0          2          0         23          0   (incl. Padding)

    ----------------------------------------------------------------------

      Code (inc. data)   RO Data    RW Data    ZI Data      Debug   Library Member Name

         8          0          0          0          0         68   __main.o
       392          4         17          0          0         92   __printf_flags_ss_wp.o
        14          0          0          0          0         68   __printf_wp.o
         0          0          0          0          0          0   __rtentry.o
        20          0          0          0          0          0   __rtentry2.o
         6          0          0          0          0          0   __rtentry4.o
        52          8          0          0          0          0   __scatter.o
        26          0          0          0          0          0   __scatter_copy.o
        28          0          0          0          0          0   __scatter_zi.o
        72          0          0          0          0         96   _c16rtomb.o
         6          0          0          0          0          0   _printf_a.o
         6          0          0          0          0          0   _printf_c.o
        44          0          0          0          0        108   _printf_char.o
        48          6          0          0          0         96   _printf_char_common.o
        64          6          0          0          0         84   _printf_char_file_locked.o
        40          0          0          0          0         68   _printf_charcount.o
         6          0          0          0          0          0   _printf_d.o
       120         16          0          0          0         92   _printf_dec.o
         6          0          0          0          0          0   _printf_e.o
         6          0          0          0          0          0   _printf_f.o
      1052          0          0          0          0        148   _printf_fp_dec.o
       764          8         38          0          0        100   _printf_fp_hex.o
       128         16          0          0          0         84   _printf_fp_infnan.o
         6          0          0          0          0          0   _printf_g.o
       148          4         40          0          0        160   _printf_hex_int_ll_ptr.o
         6          0          0          0          0          0   _printf_i.o
       178          0          0          0          0         88   _printf_intcommon.o
        10          0          0          0          0          0   _printf_l.o
         6          0          0          0          0          0   _printf_lc.o
        10          0          0          0          0          0   _printf_ll.o
         6          0          0          0          0          0   _printf_lld.o
         6          0          0          0          0          0   _printf_lli.o
         6          0          0          0          0          0   _printf_llo.o
         6          0          0          0          0          0   _printf_llu.o
         6          0          0          0          0          0   _printf_llx.o
       124         16          0          0          0         92   _printf_longlong_dec.o
         6          0          0          0          0          0   _printf_ls.o
         6          0          0          0          0          0   _printf_n.o
         6          0          0          0          0          0   _printf_o.o
       112          8          0          0          0        124   _printf_oct_int_ll.o
         6          0          0          0          0          0   _printf_p.o
        78          0          0          0          0        108   _printf_pad.o
         0          0          0          0          0          0   _printf_percent.o
         4          0          0          0          0          0   _printf_percent_end.o
         6          0          0          0          0          0   _printf_s.o
        82          0          0          0          0         80   _printf_str.o
        36          0          0          0          0         84   _printf_truncate.o
         6          0          0          0          0          0   _printf_u.o
        44          0          0          0          0        108   _printf_wchar.o
       188          6          8          0          0         92   _printf_wctomb.o
         6          0          0          0          0          0   _printf_x.o
        16          0          0          0          0         68   aeabi_memset4.o
       228          4        148          0          0         96   bigflt0.o
      1936        128          0          0          0        668   btod.o
        10          0          0          0          0         68   defsig_exit.o
        50          0          0          0          0         88   defsig_general.o
        80         58          0          0          0         76   defsig_rtmem_inner.o
        14          0          0          0          0         80   defsig_rtmem_outer.o
        52         38          0          0          0         76   defsig_rtred_inner.o
        14          0          0          0          0         80   defsig_rtred_outer.o
        18          0          0          0          0         80   exit.o
        76          0          0          0          0         88   fclose.o
       482          0          0          0          0         92   flsbuf.o
       332         10          0          0          0        152   fopen_locked.o
        28          0          0          0          0         68   fputc.o
       248          6          0          0          0         84   fseek.o
        66          0          0          0          0         76   ftell.o
       166          0          0          0          0        144   h1_alloc_threads.o
        82          0          0          0          0        104   h1_extend_threads.o
        10          0          0          0          0         76   h1_final_threads.o
       118          0          0          0          0        108   h1_free_threads.o
        18          0          0          0          0         84   h1_init_threads.o
         6          0          0          0          0        152   heapauxi.o
         4          0          0          0          0        136   hguard.o
         0          0          0          0          0          0   indicate_semi.o
       138          0          0          0          0        168   init_alloc.o
       456         48          0          0          0        116   initio_locked.o
        44         10        272          0          0         76   lc_ctype_c.o
        44         10         28          0          0         76   lc_numeric_c.o
         2          0          0          0          0          0   libinit.o
        46          0          0          0          0          0   libinit2.o
         2          0          0          0          0          0   libshutdown.o
        10          0          0          0          0          0   libshutdown2.o
         8          4          0          0         96         68   libspace.o
       138          0          0          0          0         80   lludiv10.o
         0          0          0          0          0          0   maybetermalloc2.o
        24          4          0          0          0         84   printf.o
        16          4          0          0          0         76   rt_ctype_table.o
         4          0          0          0          0         68   rt_errno_addr_twolibspace.o
        10          0          0          0          0         76   rt_heap_descriptor_twolibspace.o
        10          0          0          0          0         76   rt_locale_twolibspace.o
        68          0          0          0          0         68   rt_memclr.o
        78          0          0          0          0         80   rt_memclr_w.o
       138          0          0          0          0         68   rt_memcpy_v6.o
       100          0          0          0          0         80   rt_memcpy_w.o
         2          0          0          0          0          0   rtexit.o
        10          0          0          0          0          0   rtexit2.o
       104          0          0          0          0         88   setvbuf_locked.o
       264          6          0          0          0        160   stdio.o
         0          0          0         12        252          0   stdio_streams.o
       124          0          0          0          0         88   strcmpv7em.o
         0          0          0          4          0          0   streamlock.o
        74          0          0          0          0         80   sys_stackheap_outer.o
        14          0          0          0          0         76   sys_wrch.o
        16          0          0          0          0         80   term_alloc.o
         2          0          0          0          0         68   use_no_semi.o
       476         14          0          0          0       8812   gpio.o
        84          8          0          0          0       1021   sysctl.o
        26          0          0          0          0        116   fpinit.o
         4          0          0          0          0        116   printf1.o
         4          0          0          0          0        116   printf2.o
         0          0          0          0          0          0   usenofp.o
        48          0          0          0          0        124   fpclassify.o

    ----------------------------------------------------------------------
     10678        450        552         16        348      16989   Library Totals
        24          0          1          0          0          0   (incl. Padding)

    ----------------------------------------------------------------------

      Code (inc. data)   RO Data    RW Data    ZI Data      Debug   Library Name

     10012        428        551         16        348       6684   c_w.l
       560         22          0          0          0       9833   driverlib.lib
        34          0          0          0          0        348   fz_wm.l
        48          0          0          0          0        124   m_wm.l

    ----------------------------------------------------------------------
     10678        450        552         16        348      16989   Library Totals

    ----------------------------------------------------------------------

==============================================================================


      Code (inc. data)   RO Data    RW Data    ZI Data      Debug   

     30516        530       1460         24      12816     152403   Grand Totals
     30516        530       1460         24      12816     152403   ELF Image Totals
     30516        530       1460         24          0          0   ROM Totals

==============================================================================

    Total RO  Size (Code + RO Data)                31976 (  31.23kB)
    Total RW  Size (RW Data + ZI Data)             12840 (  12.54kB)
    Total ROM Size (Code + RO Data + RW Data)      32000 (  31.25kB)

==============================================================================

